Archive member included to satisfy reference by file (symbol)

Pico_Clock/libPico_Clock.a(Pico_Clock.c.obj)
                              CMakeFiles/main.dir/main.c.obj (Pico_Clock)
lib/LCD/libLCD.a(LCD_2in.c.obj)
                              Pico_Clock/libPico_Clock.a(Pico_Clock.c.obj) (LCD_2IN)
lib/Infrared/libInfrared.a(Infrared.c.obj)
                              Pico_Clock/libPico_Clock.a(Pico_Clock.c.obj) (SET_Infrared_PIN)
lib/GUI/libGUI.a(GUI_Paint.c.obj)
                              Pico_Clock/libPico_Clock.a(Pico_Clock.c.obj) (Paint_NewImage)
lib/Fonts/libFonts.a(font20.c.obj)
                              Pico_Clock/libPico_Clock.a(Pico_Clock.c.obj) (Font20)
lib/Config/libConfig.a(DEV_Config.c.obj)
                              lib/LCD/libLCD.a(LCD_2in.c.obj) (DEV_Digital_Write)
libFreeRTOS.a(queue.c.obj)    CMakeFiles/main.dir/main.c.obj (xQueueGenericCreate)
libFreeRTOS.a(tasks.c.obj)    CMakeFiles/main.dir/main.c.obj (xTaskCreate)
libFreeRTOS.a(timers.c.obj)   libFreeRTOS.a(tasks.c.obj) (xTimerCreateTimerTask)
libFreeRTOS.a(port.c.obj)     libFreeRTOS.a(tasks.c.obj) (pxPortInitialiseStack)
libFreeRTOS.a(heap_3.c.obj)   libFreeRTOS.a(queue.c.obj) (pvPortMalloc)
libFreeRTOS.a(list.c.obj)     libFreeRTOS.a(queue.c.obj) (vListInitialise)
/usr/lib/gcc/arm-none-eabi/6.3.1/thumb/v6-m/libgcc.a(_dvmd_tls.o)
                              CMakeFiles/main.dir/home/iwo/pico/pico-sdk/src/rp2_common/pico_divider/divider.S.obj (__aeabi_idiv0)
/usr/lib/gcc/arm-none-eabi/6.3.1/../../../arm-none-eabi/lib/thumb/v6-m/libg.a(lib_a-atexit.o)
                              /usr/lib/gcc/arm-none-eabi/6.3.1/../../../arm-none-eabi/lib/thumb/v6-m/crt0.o (atexit)
/usr/lib/gcc/arm-none-eabi/6.3.1/../../../arm-none-eabi/lib/thumb/v6-m/libg.a(lib_a-calloc.o)
                              CMakeFiles/main.dir/home/iwo/pico/pico-sdk/src/rp2_common/pico_malloc/pico_malloc.c.obj (calloc)
/usr/lib/gcc/arm-none-eabi/6.3.1/../../../arm-none-eabi/lib/thumb/v6-m/libg.a(lib_a-callocr.o)
                              /usr/lib/gcc/arm-none-eabi/6.3.1/../../../arm-none-eabi/lib/thumb/v6-m/libg.a(lib_a-calloc.o) (_calloc_r)
/usr/lib/gcc/arm-none-eabi/6.3.1/../../../arm-none-eabi/lib/thumb/v6-m/libg.a(lib_a-ctype_.o)
                              CMakeFiles/main.dir/home/iwo/pico/pico-sdk/lib/tinyusb/src/tusb.c.obj (__ctype_ptr__)
/usr/lib/gcc/arm-none-eabi/6.3.1/../../../arm-none-eabi/lib/thumb/v6-m/libg.a(lib_a-fini.o)
                              /usr/lib/gcc/arm-none-eabi/6.3.1/../../../arm-none-eabi/lib/thumb/v6-m/crt0.o (__libc_fini_array)
/usr/lib/gcc/arm-none-eabi/6.3.1/../../../arm-none-eabi/lib/thumb/v6-m/libg.a(lib_a-impure.o)
                              CMakeFiles/main.dir/home/iwo/pico/pico-sdk/src/common/pico_util/pheap.c.obj (_impure_ptr)
/usr/lib/gcc/arm-none-eabi/6.3.1/../../../arm-none-eabi/lib/thumb/v6-m/libg.a(lib_a-init.o)
                              /usr/lib/gcc/arm-none-eabi/6.3.1/../../../arm-none-eabi/lib/thumb/v6-m/crt0.o (__libc_init_array)
/usr/lib/gcc/arm-none-eabi/6.3.1/../../../arm-none-eabi/lib/thumb/v6-m/libg.a(lib_a-itoa.o)
                              Pico_Clock/libPico_Clock.a(Pico_Clock.c.obj) (itoa)
/usr/lib/gcc/arm-none-eabi/6.3.1/../../../arm-none-eabi/lib/thumb/v6-m/libg.a(lib_a-malloc.o)
                              CMakeFiles/main.dir/home/iwo/pico/pico-sdk/src/rp2_common/pico_malloc/pico_malloc.c.obj (malloc)
/usr/lib/gcc/arm-none-eabi/6.3.1/../../../arm-none-eabi/lib/thumb/v6-m/libg.a(lib_a-mallocr.o)
                              /usr/lib/gcc/arm-none-eabi/6.3.1/../../../arm-none-eabi/lib/thumb/v6-m/libg.a(lib_a-callocr.o) (_malloc_r)
/usr/lib/gcc/arm-none-eabi/6.3.1/../../../arm-none-eabi/lib/thumb/v6-m/libg.a(lib_a-mlock.o)
                              /usr/lib/gcc/arm-none-eabi/6.3.1/../../../arm-none-eabi/lib/thumb/v6-m/libg.a(lib_a-mallocr.o) (__malloc_lock)
/usr/lib/gcc/arm-none-eabi/6.3.1/../../../arm-none-eabi/lib/thumb/v6-m/libg.a(lib_a-sbrkr.o)
                              /usr/lib/gcc/arm-none-eabi/6.3.1/../../../arm-none-eabi/lib/thumb/v6-m/libg.a(lib_a-mallocr.o) (_sbrk_r)
/usr/lib/gcc/arm-none-eabi/6.3.1/../../../arm-none-eabi/lib/thumb/v6-m/libg.a(lib_a-strlen-stub.o)
                              CMakeFiles/main.dir/home/iwo/pico/pico-sdk/src/rp2_common/pico_stdio/stdio.c.obj (strlen)
/usr/lib/gcc/arm-none-eabi/6.3.1/../../../arm-none-eabi/lib/thumb/v6-m/libg.a(lib_a-utoa.o)
                              /usr/lib/gcc/arm-none-eabi/6.3.1/../../../arm-none-eabi/lib/thumb/v6-m/libg.a(lib_a-itoa.o) (__utoa)
/usr/lib/gcc/arm-none-eabi/6.3.1/../../../arm-none-eabi/lib/thumb/v6-m/libg.a(lib_a-wbuf.o)
                              CMakeFiles/main.dir/home/iwo/pico/pico-sdk/src/common/pico_util/pheap.c.obj (__swbuf_r)
/usr/lib/gcc/arm-none-eabi/6.3.1/../../../arm-none-eabi/lib/thumb/v6-m/libg.a(lib_a-wsetup.o)
                              /usr/lib/gcc/arm-none-eabi/6.3.1/../../../arm-none-eabi/lib/thumb/v6-m/libg.a(lib_a-wbuf.o) (__swsetup_r)
[...]
Memory Configuration

Name             Origin             Length             Attributes
FLASH            0x0000000010000000 0x0000000000200000 xr
RAM              0x0000000020000000 0x0000000000040000 xrw
SCRATCH_X        0x0000000020040000 0x0000000000001000 xrw
SCRATCH_Y        0x0000000020041000 0x0000000000001000 xrw
*default*        0x0000000000000000 0xffffffffffffffff

Linker script and memory map

LOAD /usr/lib/gcc/arm-none-eabi/6.3.1/thumb/v6-m/crti.o
LOAD /usr/lib/gcc/arm-none-eabi/6.3.1/thumb/v6-m/crtbegin.o
LOAD /usr/lib/gcc/arm-none-eabi/6.3.1/../../../arm-none-eabi/lib/thumb/v6-m/crt0.o

.flash_begin    0x0000000010000000        0x0
                0x0000000010000000                __flash_binary_start = .

.boot2          0x0000000010000000      0x100
                0x0000000010000000                __boot2_start__ = .
 *(.boot2)
 .boot2         0x0000000010000000      0x100 /tmp/ccrw7gYj.o
                0x0000000010000100                __boot2_end__ = .
                0x0000000000000001                ASSERT (((__boot2_end__ - __boot2_start__) == 0x100), ERROR: Pico second stage bootloader must be 256 bytes in size)

.text           0x0000000010000100     0xbbe8
                0x0000000010000100                __logical_binary_start = .
 *(.vectors)
 .vectors       0x0000000010000100       0xd4 CMakeFiles/main.dir/home/iwo/pico/pico-sdk/src/rp2_common/pico_standard_link/crt0.S.obj
                0x0000000010000100                __vectors
                0x0000000010000100                __VECTOR_TABLE
                0x00000000100001c0                isr_invalid
                0x00000000100001c0                __default_isrs_start
                0x00000000100001c2                isr_nmi
                0x00000000100001c4                isr_hardfault
                0x00000000100001cc                isr_irq30
                0x00000000100001cc                __unhandled_user_irq
                0x00000000100001cc                isr_irq13
                0x00000000100001cc                isr_irq27
                0x00000000100001cc                isr_irq31
                0x00000000100001cc                isr_irq5
                0x00000000100001cc                isr_irq11
                0x00000000100001cc                isr_irq23
                0x00000000100001cc                isr_irq18
                0x00000000100001cc                isr_irq28
                0x00000000100001cc                isr_irq19
                0x00000000100001cc                isr_irq0
                0x00000000100001cc                isr_irq6
                0x00000000100001cc                isr_irq22
                0x00000000100001cc                isr_irq17
                0x00000000100001cc                isr_irq14
                0x00000000100001cc                isr_irq2
                0x00000000100001cc                isr_irq10
                0x00000000100001cc                isr_irq8
                0x00000000100001cc                isr_irq24
                0x00000000100001cc                isr_irq1
                0x00000000100001cc                isr_irq7
                0x00000000100001cc                isr_irq21
                0x00000000100001cc                isr_irq20
                0x00000000100001cc                isr_irq15
                0x00000000100001cc                isr_irq25
                0x00000000100001cc                isr_irq4
                0x00000000100001cc                isr_irq16
                0x00000000100001cc                isr_irq29
                0x00000000100001cc                isr_irq26
                0x00000000100001cc                __default_isrs_end
                0x00000000100001cc                isr_irq3
                0x00000000100001cc                isr_irq12
                0x00000000100001cc                isr_irq9
                0x00000000100001d2                unhandled_user_irq_num_in_r0
 *(.binary_info_header)
 .binary_info_header
                0x00000000100001d4       0x14 CMakeFiles/main.dir/home/iwo/pico/pico-sdk/src/rp2_common/pico_standard_link/crt0.S.obj
                0x00000000100001e8                __binary_info_header_end = .
 *(.reset)
 .reset         0x00000000100001e8       0xa8 CMakeFiles/main.dir/home/iwo/pico/pico-sdk/src/rp2_common/pico_standard_link/crt0.S.obj
                0x00000000100001e8                _entry_point
                0x0000000010000266                __get_current_exception
 .reset         0x0000000010000290       0x30 CMakeFiles/main.dir/home/iwo/pico/pico-sdk/src/rp2_common/pico_standard_link/binary_info.c.obj
 *(.init)
 .init          0x00000000100002c0        0x4 /usr/lib/gcc/arm-none-eabi/6.3.1/thumb/v6-m/crti.o
                0x00000000100002c0                _init
 *(EXCLUDE_FILE(*libm.a: *libc.a:*lib_a-mem*.o *libgcc.a:) .text*)
 .text          0x00000000100002c4       0xb4 /usr/lib/gcc/arm-none-eabi/6.3.1/thumb/v6-m/crtbegin.o
 .text.vTaskClockDisplay
                0x0000000010000378       0x14 CMakeFiles/main.dir/main.c.obj
                0x0000000010000378                vTaskClockDisplay
 .text.vTaskObjectivTime
                0x000000001000038c       0x50 CMakeFiles/main.dir/main.c.obj
                0x000000001000038c                vTaskObjectivTime
 .text.main     0x00000000100003dc       0x74 CMakeFiles/main.dir/main.c.obj
                0x00000000100003dc                main
 .text.gpio_set_function
                0x0000000010000450       0x30 CMakeFiles/main.dir/home/iwo/pico/pico-sdk/src/rp2_common/hardware_gpio/gpio.c.obj
                0x0000000010000450                gpio_set_function
 .text.gpio_set_pulls
                0x0000000010000480       0x34 CMakeFiles/main.dir/home/iwo/pico/pico-sdk/src/rp2_common/hardware_gpio/gpio.c.obj
                0x0000000010000480                gpio_set_pulls
 .text.gpio_init
                0x00000000100004b4       0x16 CMakeFiles/main.dir/home/iwo/pico/pico-sdk/src/rp2_common/hardware_gpio/gpio.c.obj
                0x00000000100004b4                gpio_init
 *fill*         0x00000000100004ca        0x2 
 .text.hw_claim_lock
                0x00000000100004cc       0x18 CMakeFiles/main.dir/home/iwo/pico/pico-sdk/src/rp2_common/hardware_claim/claim.c.obj
                0x00000000100004cc                hw_claim_lock
 .text.hw_claim_unlock
                0x00000000100004e4       0x14 CMakeFiles/main.dir/home/iwo/pico/pico-sdk/src/rp2_common/hardware_claim/claim.c.obj
                0x00000000100004e4                hw_claim_unlock
 .text.hw_claim_or_assert
                0x00000000100004f8       0x32 CMakeFiles/main.dir/home/iwo/pico/pico-sdk/src/rp2_common/hardware_claim/claim.c.obj
                0x00000000100004f8                hw_claim_or_assert
 .text.hw_claim_unused_from_range
                0x000000001000052a       0x50 CMakeFiles/main.dir/home/iwo/pico/pico-sdk/src/rp2_common/hardware_claim/claim.c.obj
                0x000000001000052a                hw_claim_unused_from_range
 *fill*         0x000000001000057a        0x2 
 .text.running_on_fpga
                0x000000001000057c       0x14 CMakeFiles/main.dir/home/iwo/pico/pico-sdk/src/rp2_common/pico_platform/platform.c.obj
                0x000000001000057c                running_on_fpga
 .text.spin_locks_reset
                0x0000000010000590       0x20 CMakeFiles/main.dir/home/iwo/pico/pico-sdk/src/rp2_common/hardware_sync/sync.c.obj
                0x0000000010000590                spin_locks_reset
 .text.next_striped_spin_lock_num
                0x00000000100005b0       0x1c CMakeFiles/main.dir/home/iwo/pico/pico-sdk/src/rp2_common/hardware_sync/sync.c.obj
                0x00000000100005b0                next_striped_spin_lock_num
 .text.spin_lock_claim_unused
                0x00000000100005cc       0x20 CMakeFiles/main.dir/home/iwo/pico/pico-sdk/src/rp2_common/hardware_sync/sync.c.obj
                0x00000000100005cc                spin_lock_claim_unused
 .text.alarm_pool_post_alloc_init
                0x00000000100005ec       0x40 CMakeFiles/main.dir/home/iwo/pico/pico-sdk/src/common/pico_time/time.c.obj
 .text.sleep_until_callback
                0x000000001000062c       0x30 CMakeFiles/main.dir/home/iwo/pico/pico-sdk/src/common/pico_time/time.c.obj
 .text.timer_pool_entry_comparator
                0x000000001000065c       0x7c CMakeFiles/main.dir/home/iwo/pico/pico-sdk/src/common/pico_time/time.c.obj
                0x000000001000065c                timer_pool_entry_comparator
 .text.ph_add_child_node
                0x00000000100006d8       0xa4 CMakeFiles/main.dir/home/iwo/pico/pico-sdk/src/common/pico_time/time.c.obj
 .text.ph_merge_nodes
                0x000000001000077c       0x3e CMakeFiles/main.dir/home/iwo/pico/pico-sdk/src/common/pico_time/time.c.obj
 *fill*         0x00000000100007ba        0x2 
 .text.add_alarm_under_lock
                0x00000000100007bc      0x17c CMakeFiles/main.dir/home/iwo/pico/pico-sdk/src/common/pico_time/time.c.obj
 .text.alarm_pool_alarm_callback
                0x0000000010000938      0x330 CMakeFiles/main.dir/home/iwo/pico/pico-sdk/src/common/pico_time/time.c.obj
 .text.alarm_pool_init_default
                0x0000000010000c68       0x38 CMakeFiles/main.dir/home/iwo/pico/pico-sdk/src/common/pico_time/time.c.obj
                0x0000000010000c68                alarm_pool_init_default
 .text.alarm_pool_get_default
                0x0000000010000ca0       0x2c CMakeFiles/main.dir/home/iwo/pico/pico-sdk/src/common/pico_time/time.c.obj
                0x0000000010000ca0                alarm_pool_get_default
 .text.alarm_pool_add_alarm_at
                0x0000000010000ccc      0x164 CMakeFiles/main.dir/home/iwo/pico/pico-sdk/src/common/pico_time/time.c.obj
                0x0000000010000ccc                alarm_pool_add_alarm_at
 .text.alarm_pool_cancel_alarm
                0x0000000010000e30       0xec CMakeFiles/main.dir/home/iwo/pico/pico-sdk/src/common/pico_time/time.c.obj
                0x0000000010000e30                alarm_pool_cancel_alarm
 .text.sleep_until
                0x0000000010000f1c       0xfc CMakeFiles/main.dir/home/iwo/pico/pico-sdk/src/common/pico_time/time.c.obj
                0x0000000010000f1c                sleep_until
 .text.sleep_us
                0x0000000010001018       0x54 CMakeFiles/main.dir/home/iwo/pico/pico-sdk/src/common/pico_time/time.c.obj
                0x0000000010001018                sleep_us
 .text.sleep_ms
                0x000000001000106c       0x14 CMakeFiles/main.dir/home/iwo/pico/pico-sdk/src/common/pico_time/time.c.obj
                0x000000001000106c                sleep_ms
 .text.best_effort_wfe_or_timeout
                0x0000000010001080       0x80 CMakeFiles/main.dir/home/iwo/pico/pico-sdk/src/common/pico_time/time.c.obj
                0x0000000010001080                best_effort_wfe_or_timeout
 .text.hardware_alarm_irq_handler
                0x0000000010001100       0x8c CMakeFiles/main.dir/home/iwo/pico/pico-sdk/src/rp2_common/hardware_timer/timer.c.obj
 .text.hardware_alarm_claim
                0x000000001000118c       0x18 CMakeFiles/main.dir/home/iwo/pico/pico-sdk/src/rp2_common/hardware_timer/timer.c.obj
                0x000000001000118c                hardware_alarm_claim
 .text.time_us_64
                0x00000000100011a4       0x18 CMakeFiles/main.dir/home/iwo/pico/pico-sdk/src/rp2_common/hardware_timer/timer.c.obj
                0x00000000100011a4                time_us_64
 .text.busy_wait_until
                0x00000000100011bc       0x28 CMakeFiles/main.dir/home/iwo/pico/pico-sdk/src/rp2_common/hardware_timer/timer.c.obj
                0x00000000100011bc                busy_wait_until
 .text.hardware_alarm_set_callback
                0x00000000100011e4       0x90 CMakeFiles/main.dir/home/iwo/pico/pico-sdk/src/rp2_common/hardware_timer/timer.c.obj
                0x00000000100011e4                hardware_alarm_set_callback
 .text.hardware_alarm_set_target
                0x0000000010001274       0xe8 CMakeFiles/main.dir/home/iwo/pico/pico-sdk/src/rp2_common/hardware_timer/timer.c.obj
                0x0000000010001274                hardware_alarm_set_target
 .text.hardware_alarm_cancel
                0x000000001000135c       0x40 CMakeFiles/main.dir/home/iwo/pico/pico-sdk/src/rp2_common/hardware_timer/timer.c.obj
                0x000000001000135c                hardware_alarm_cancel
 .text.lock_init
                0x000000001000139c       0x10 CMakeFiles/main.dir/home/iwo/pico/pico-sdk/src/common/pico_sync/lock_core.c.obj
                0x000000001000139c                lock_init
 .text.mutex_init
                0x00000000100013ac       0x1a CMakeFiles/main.dir/home/iwo/pico/pico-sdk/src/common/pico_sync/mutex.c.obj
                0x00000000100013ac                mutex_init
 .text.recursive_mutex_init
                0x00000000100013c6       0x1e CMakeFiles/main.dir/home/iwo/pico/pico-sdk/src/common/pico_sync/mutex.c.obj
                0x00000000100013c6                recursive_mutex_init
 .text.critical_section_init_with_lock_num
                0x00000000100013e4       0x14 CMakeFiles/main.dir/home/iwo/pico/pico-sdk/src/common/pico_sync/critical_section.c.obj
                0x00000000100013e4                critical_section_init_with_lock_num
 .text.critical_section_init
                0x00000000100013f8       0x14 CMakeFiles/main.dir/home/iwo/pico/pico-sdk/src/common/pico_sync/critical_section.c.obj
                0x00000000100013f8                critical_section_init
 .text.ph_add_child_node
                0x000000001000140c       0xa4 CMakeFiles/main.dir/home/iwo/pico/pico-sdk/src/common/pico_util/pheap.c.obj
 .text.ph_merge_nodes
                0x00000000100014b0       0x3e CMakeFiles/main.dir/home/iwo/pico/pico-sdk/src/common/pico_util/pheap.c.obj
 *fill*         0x00000000100014ee        0x2 
 .text.ph_clear
                0x00000000100014f0       0x70 CMakeFiles/main.dir/home/iwo/pico/pico-sdk/src/common/pico_util/pheap.c.obj
                0x00000000100014f0                ph_clear
 .text.ph_post_alloc_init
                0x0000000010001560        0xe CMakeFiles/main.dir/home/iwo/pico/pico-sdk/src/common/pico_util/pheap.c.obj
                0x0000000010001560                ph_post_alloc_init
 *fill*         0x000000001000156e        0x2 
 .text.ph_merge_two_pass
                0x0000000010001570       0x88 CMakeFiles/main.dir/home/iwo/pico/pico-sdk/src/common/pico_util/pheap.c.obj
                0x0000000010001570                ph_merge_two_pass
 .text.ph_remove_any_head
                0x00000000100015f8      0x108 CMakeFiles/main.dir/home/iwo/pico/pico-sdk/src/common/pico_util/pheap.c.obj
 .text.ph_remove_head
                0x0000000010001700       0x14 CMakeFiles/main.dir/home/iwo/pico/pico-sdk/src/common/pico_util/pheap.c.obj
                0x0000000010001700                ph_remove_head
 .text.ph_remove_and_free_node
                0x0000000010001714      0x100 CMakeFiles/main.dir/home/iwo/pico/pico-sdk/src/common/pico_util/pheap.c.obj
                0x0000000010001714                ph_remove_and_free_node
 .text._exit    0x0000000010001814        0x4 CMakeFiles/main.dir/home/iwo/pico/pico-sdk/src/rp2_common/pico_runtime/runtime.c.obj
                0x0000000010001814                _exit
 .text._sbrk    0x0000000010001818       0x38 CMakeFiles/main.dir/home/iwo/pico/pico-sdk/src/rp2_common/pico_runtime/runtime.c.obj
                0x0000000010001818                _sbrk
 .text.exit     0x0000000010001850        0x6 CMakeFiles/main.dir/home/iwo/pico/pico-sdk/src/rp2_common/pico_runtime/runtime.c.obj
                0x0000000010001850                exit
 *fill*         0x0000000010001856        0x2 
 .text.__assert_func
                0x0000000010001858       0x3c CMakeFiles/main.dir/home/iwo/pico/pico-sdk/src/rp2_common/pico_runtime/runtime.c.obj
                0x0000000010001858                __assert_func
 .text.runtime_init
                0x0000000010001894       0xf8 CMakeFiles/main.dir/home/iwo/pico/pico-sdk/src/rp2_common/pico_runtime/runtime.c.obj
                0x0000000010001894                runtime_init
 .text.panic    0x000000001000198c       0x30 CMakeFiles/main.dir/home/iwo/pico/pico-sdk/src/rp2_common/pico_runtime/runtime.c.obj
                0x000000001000198c                panic
 .text.clock_configure
                0x00000000100019bc      0x100 CMakeFiles/main.dir/home/iwo/pico/pico-sdk/src/rp2_common/hardware_clocks/clocks.c.obj
                0x00000000100019bc                clock_configure
 .text.clocks_init
                0x0000000010001abc      0x100 CMakeFiles/main.dir/home/iwo/pico/pico-sdk/src/rp2_common/hardware_clocks/clocks.c.obj
                0x0000000010001abc                clocks_init
 .text.clock_get_hz
                0x0000000010001bbc        0xc CMakeFiles/main.dir/home/iwo/pico/pico-sdk/src/rp2_common/hardware_clocks/clocks.c.obj
                0x0000000010001bbc                clock_get_hz
 .text.set_raw_irq_handler_and_unlock
                0x0000000010001bc8       0x28 CMakeFiles/main.dir/home/iwo/pico/pico-sdk/src/rp2_common/hardware_irq/irq.c.obj
 .text.make_branch
                0x0000000010001bf0       0x48 CMakeFiles/main.dir/home/iwo/pico/pico-sdk/src/rp2_common/hardware_irq/irq.c.obj
 .text.insert_branch_and_link
                0x0000000010001c38       0x40 CMakeFiles/main.dir/home/iwo/pico/pico-sdk/src/rp2_common/hardware_irq/irq.c.obj
 .text.irq_is_enabled
                0x0000000010001c78       0x18 CMakeFiles/main.dir/home/iwo/pico/pico-sdk/src/rp2_common/hardware_irq/irq.c.obj
                0x0000000010001c78                irq_is_enabled
 .text.irq_set_mask_enabled
                0x0000000010001c90       0x20 CMakeFiles/main.dir/home/iwo/pico/pico-sdk/src/rp2_common/hardware_irq/irq.c.obj
                0x0000000010001c90                irq_set_mask_enabled
 .text.irq_set_enabled
                0x0000000010001cb0        0xe CMakeFiles/main.dir/home/iwo/pico/pico-sdk/src/rp2_common/hardware_irq/irq.c.obj
                0x0000000010001cb0                irq_set_enabled
 *fill*         0x0000000010001cbe        0x2 
 .text.irq_set_pending
                0x0000000010001cc0       0x10 CMakeFiles/main.dir/home/iwo/pico/pico-sdk/src/rp2_common/hardware_irq/irq.c.obj
                0x0000000010001cc0                irq_set_pending
 .text.irq_get_vtable_handler
                0x0000000010001cd0       0x10 CMakeFiles/main.dir/home/iwo/pico/pico-sdk/src/rp2_common/hardware_irq/irq.c.obj
                0x0000000010001cd0                irq_get_vtable_handler
 .text.irq_set_exclusive_handler
                0x0000000010001ce0       0x54 CMakeFiles/main.dir/home/iwo/pico/pico-sdk/src/rp2_common/hardware_irq/irq.c.obj
                0x0000000010001ce0                irq_set_exclusive_handler
 .text.irq_remove_handler
                0x0000000010001d34      0x1a4 CMakeFiles/main.dir/home/iwo/pico/pico-sdk/src/rp2_common/hardware_irq/irq.c.obj
                0x0000000010001d34                irq_remove_handler
 .text.irq_add_tail_to_free_list
                0x0000000010001ed8       0xfc CMakeFiles/main.dir/home/iwo/pico/pico-sdk/src/rp2_common/hardware_irq/irq.c.obj
                0x0000000010001ed8                irq_add_tail_to_free_list
 .text.irq_init_priorities
                0x0000000010001fd4       0x1c CMakeFiles/main.dir/home/iwo/pico/pico-sdk/src/rp2_common/hardware_irq/irq.c.obj
                0x0000000010001fd4                irq_init_priorities
 .text.pll_init
                0x0000000010001ff0      0x118 CMakeFiles/main.dir/home/iwo/pico/pico-sdk/src/rp2_common/hardware_pll/pll.c.obj
                0x0000000010001ff0                pll_init
 .text.watchdog_start_tick
                0x0000000010002108       0x10 CMakeFiles/main.dir/home/iwo/pico/pico-sdk/src/rp2_common/hardware_watchdog/watchdog.c.obj
                0x0000000010002108                watchdog_start_tick
 .text.watchdog_update
                0x0000000010002118       0x14 CMakeFiles/main.dir/home/iwo/pico/pico-sdk/src/rp2_common/hardware_watchdog/watchdog.c.obj
                0x0000000010002118                watchdog_update
 .text._watchdog_enable
                0x000000001000212c       0x70 CMakeFiles/main.dir/home/iwo/pico/pico-sdk/src/rp2_common/hardware_watchdog/watchdog.c.obj
                0x000000001000212c                _watchdog_enable
 .text.watchdog_reboot
                0x000000001000219c       0x44 CMakeFiles/main.dir/home/iwo/pico/pico-sdk/src/rp2_common/hardware_watchdog/watchdog.c.obj
                0x000000001000219c                watchdog_reboot
 .text.xosc_init
                0x00000000100021e0       0x28 CMakeFiles/main.dir/home/iwo/pico/pico-sdk/src/rp2_common/hardware_xosc/xosc.c.obj
                0x00000000100021e0                xosc_init
 .text._out_null
                0x0000000010002208        0x2 CMakeFiles/main.dir/home/iwo/pico/pico-sdk/src/rp2_common/pico_printf/printf.c.obj
 .text._out_fct
                0x000000001000220a       0x10 CMakeFiles/main.dir/home/iwo/pico/pico-sdk/src/rp2_common/pico_printf/printf.c.obj
 .text._atoi    0x000000001000221a       0x28 CMakeFiles/main.dir/home/iwo/pico/pico-sdk/src/rp2_common/pico_printf/printf.c.obj
 .text._out_rev
                0x0000000010002242       0xa2 CMakeFiles/main.dir/home/iwo/pico/pico-sdk/src/rp2_common/pico_printf/printf.c.obj
 .text._ntoa_format
                0x00000000100022e4      0x10e CMakeFiles/main.dir/home/iwo/pico/pico-sdk/src/rp2_common/pico_printf/printf.c.obj
 .text._ntoa_long
                0x00000000100023f2       0x9e CMakeFiles/main.dir/home/iwo/pico/pico-sdk/src/rp2_common/pico_printf/printf.c.obj
 .text._ntoa_long_long
                0x0000000010002490       0xde CMakeFiles/main.dir/home/iwo/pico/pico-sdk/src/rp2_common/pico_printf/printf.c.obj
 *fill*         0x000000001000256e        0x2 
 .text._etoa    0x0000000010002570      0x410 CMakeFiles/main.dir/home/iwo/pico/pico-sdk/src/rp2_common/pico_printf/printf.c.obj
 .text._ftoa    0x0000000010002980      0x33c CMakeFiles/main.dir/home/iwo/pico/pico-sdk/src/rp2_common/pico_printf/printf.c.obj
 .text._vsnprintf
                0x0000000010002cbc      0x61c CMakeFiles/main.dir/home/iwo/pico/pico-sdk/src/rp2_common/pico_printf/printf.c.obj
 .text.vfctprintf
                0x00000000100032d8       0x20 CMakeFiles/main.dir/home/iwo/pico/pico-sdk/src/rp2_common/pico_printf/printf.c.obj
                0x00000000100032d8                vfctprintf
 .text          0x00000000100032f8       0x10 CMakeFiles/main.dir/home/iwo/pico/pico-sdk/src/rp2_common/pico_bit_ops/bit_ops_aeabi.S.obj
 .text.rom_func_lookup
                0x0000000010003308       0x10 CMakeFiles/main.dir/home/iwo/pico/pico-sdk/src/rp2_common/pico_bootrom/bootrom.c.obj
                0x0000000010003308                rom_func_lookup
 .text.rom_data_lookup
                0x0000000010003318       0x10 CMakeFiles/main.dir/home/iwo/pico/pico-sdk/src/rp2_common/pico_bootrom/bootrom.c.obj
                0x0000000010003318                rom_data_lookup
 .text.rom_funcs_lookup
                0x0000000010003328       0x36 CMakeFiles/main.dir/home/iwo/pico/pico-sdk/src/rp2_common/pico_bootrom/bootrom.c.obj
                0x0000000010003328                rom_funcs_lookup
 *fill*         0x000000001000335e        0x2 
 .text.__wrap___aeabi_idiv
                0x0000000010003360       0x50 CMakeFiles/main.dir/home/iwo/pico/pico-sdk/src/rp2_common/pico_divider/divider.S.obj
                0x0000000010003360                __wrap___aeabi_idivmod
                0x0000000010003360                divmod_s32s32
                0x0000000010003360                div_s32s32
                0x0000000010003360                __wrap___aeabi_idiv
                0x0000000010003368                divmod_s32s32_unsafe
                0x0000000010003394                divmod_s32s32_savestate
 .text.__wrap___aeabi_uidiv
                0x00000000100033b0       0x4c CMakeFiles/main.dir/home/iwo/pico/pico-sdk/src/rp2_common/pico_divider/divider.S.obj
                0x00000000100033b0                __wrap___aeabi_uidiv
                0x00000000100033b0                __wrap___aeabi_uidivmod
                0x00000000100033b0                div_u32u32
                0x00000000100033b0                divmod_u32u32
                0x00000000100033b8                divmod_u32u32_unsafe
                0x00000000100033e0                divmod_u32u32_savestate
 .text.__wrap___aeabi_ldiv
                0x00000000100033fc      0x434 CMakeFiles/main.dir/home/iwo/pico/pico-sdk/src/rp2_common/pico_divider/divider.S.obj
                0x00000000100033fc                div_s64s64
                0x00000000100033fc                divmod_s64s64
                0x00000000100033fc                __wrap___aeabi_ldivmod
                0x0000000010003434                div_u64u64
                0x0000000010003434                divmod_u64u64
                0x0000000010003434                __wrap___aeabi_uldivmod
                0x0000000010003444                divmod_u64u64_savestate
                0x000000001000346c                divmod_s64s64_unsafe
                0x00000000100034f4                divmod_u64u64_unsafe
 .text.push_r8_r11
                0x0000000010003830        0xc CMakeFiles/main.dir/home/iwo/pico/pico-sdk/src/rp2_common/pico_double/double_aeabi.S.obj
                0x0000000010003830                push_r8_r11
 .text.pop_r8_r11
                0x000000001000383c        0xc CMakeFiles/main.dir/home/iwo/pico/pico-sdk/src/rp2_common/pico_double/double_aeabi.S.obj
                0x000000001000383c                pop_r8_r11
 .text.__wrap___aeabi_darithmetic
                0x0000000010003848       0x80 CMakeFiles/main.dir/home/iwo/pico/pico-sdk/src/rp2_common/pico_double/double_aeabi.S.obj
                0x0000000010003848                __wrap___aeabi_drsub
                0x000000001000384e                __wrap___aeabi_dsub
                0x0000000010003860                __wrap___aeabi_dadd
                0x0000000010003872                __wrap___aeabi_ddiv
                0x00000000100038ae                __wrap___aeabi_dmul
 .text.__wrap___aeabi_cdcmple
                0x00000000100038c8       0x6c CMakeFiles/main.dir/home/iwo/pico/pico-sdk/src/rp2_common/pico_double/double_aeabi.S.obj
                0x00000000100038c8                __wrap___aeabi_cdrcmple
                0x00000000100038d8                __wrap___aeabi_cdcmple
                0x00000000100038d8                __wrap___aeabi_cdcmpeq
 .text.__wrap___aeabi_dcmplt
                0x0000000010003934        0xc CMakeFiles/main.dir/home/iwo/pico/pico-sdk/src/rp2_common/pico_double/double_aeabi.S.obj
                0x0000000010003934                __wrap___aeabi_dcmplt
 .text.__wrap___aeabi_dcmple
                0x0000000010003940       0x10 CMakeFiles/main.dir/home/iwo/pico/pico-sdk/src/rp2_common/pico_double/double_aeabi.S.obj
                0x0000000010003940                __wrap___aeabi_dcmple
 .text.__wrap___aeabi_dcmpge
                0x0000000010003950       0x10 CMakeFiles/main.dir/home/iwo/pico/pico-sdk/src/rp2_common/pico_double/double_aeabi.S.obj
                0x0000000010003950                __wrap___aeabi_dcmpge
 .text.__wrap___aeabi_dcmpgt
                0x0000000010003960        0xa CMakeFiles/main.dir/home/iwo/pico/pico-sdk/src/rp2_common/pico_double/double_aeabi.S.obj
                0x0000000010003960                __wrap___aeabi_dcmpgt
 .text.__wrap___aeabi_dcmpun
                0x000000001000396a       0x1c CMakeFiles/main.dir/home/iwo/pico/pico-sdk/src/rp2_common/pico_double/double_aeabi.S.obj
                0x000000001000396a                __wrap___aeabi_dcmpun
 *fill*         0x0000000010003986        0x2 
 .text.__wrap___aeabi_i2d
                0x0000000010003988       0x38 CMakeFiles/main.dir/home/iwo/pico/pico-sdk/src/rp2_common/pico_double/double_aeabi.S.obj
                0x0000000010003988                __wrap___aeabi_ui2d
                0x0000000010003990                __wrap___aeabi_i2d
 .text.__wrap___aeabi_d2iz
                0x00000000100039c0       0x48 CMakeFiles/main.dir/home/iwo/pico/pico-sdk/src/rp2_common/pico_double/double_aeabi.S.obj
                0x00000000100039c0                __wrap___aeabi_d2iz
                0x00000000100039c0                double2int_z
 .text.__wrap___aeabi_d2uiz
                0x0000000010003a08       0x18 CMakeFiles/main.dir/home/iwo/pico/pico-sdk/src/rp2_common/pico_double/double_aeabi.S.obj
                0x0000000010003a08                double2uint
                0x0000000010003a08                __wrap___aeabi_d2uiz
 .text.fix642double
                0x0000000010003a20       0x18 CMakeFiles/main.dir/home/iwo/pico/pico-sdk/src/rp2_common/pico_double/double_aeabi.S.obj
                0x0000000010003a20                fix642double
 .text.__wrap___aeabi_d2f
                0x0000000010003a38       0x18 CMakeFiles/main.dir/home/iwo/pico/pico-sdk/src/rp2_common/pico_double/double_aeabi.S.obj
                0x0000000010003a38                __wrap___aeabi_d2f
 .text.__wrap_sincostan_remainder
                0x0000000010003a50       0x14 CMakeFiles/main.dir/home/iwo/pico/pico-sdk/src/rp2_common/pico_double/double_aeabi.S.obj
                0x0000000010003a50                sincostan_remainder
 .text.__wrap_cos
                0x0000000010003a64       0x2c CMakeFiles/main.dir/home/iwo/pico/pico-sdk/src/rp2_common/pico_double/double_aeabi.S.obj
                0x0000000010003a64                __wrap_cos
 .text.__wrap_sin
                0x0000000010003a90       0x2c CMakeFiles/main.dir/home/iwo/pico/pico-sdk/src/rp2_common/pico_double/double_aeabi.S.obj
                0x0000000010003a90                __wrap_sin
 .text.__aeabi_double_init
                0x0000000010003abc       0xc8 CMakeFiles/main.dir/home/iwo/pico/pico-sdk/src/rp2_common/pico_double/double_init_rom.c.obj
                0x0000000010003abc                __aeabi_double_init
 .text.drem_0   0x0000000010003b84      0x12c CMakeFiles/main.dir/home/iwo/pico/pico-sdk/src/rp2_common/pico_double/double_math.c.obj
 .text.__wrap_remquo
                0x0000000010003cb0      0x164 CMakeFiles/main.dir/home/iwo/pico/pico-sdk/src/rp2_common/pico_double/double_math.c.obj
                0x0000000010003cb0                __wrap_remquo
 .text.__wrap_remainder
                0x0000000010003e14       0x10 CMakeFiles/main.dir/home/iwo/pico/pico-sdk/src/rp2_common/pico_double/double_math.c.obj
                0x0000000010003e14                __wrap_remainder
 .text.double_table_shim_on_use_helper
                0x0000000010003e24       0x34 CMakeFiles/main.dir/home/iwo/pico/pico-sdk/src/rp2_common/pico_double/double_v1_rom_shim.S.obj
                0x0000000010003e24                double_table_shim_on_use_helper
 .text.__wrap___aeabi_dsub
                0x0000000010003e58       0x10 CMakeFiles/main.dir/home/iwo/pico/pico-sdk/src/rp2_common/pico_double/double_v1_rom_shim.S.obj
                0x0000000010003e58                drsub_shim
                0x0000000010003e5e                dsub_shim
 .text.dadd_shim
                0x0000000010003e68      0x15c CMakeFiles/main.dir/home/iwo/pico/pico-sdk/src/rp2_common/pico_double/double_v1_rom_shim.S.obj
                0x0000000010003e68                dadd_shim
 .text.dmul_shim
                0x0000000010003fc4      0x15c CMakeFiles/main.dir/home/iwo/pico/pico-sdk/src/rp2_common/pico_double/double_v1_rom_shim.S.obj
                0x0000000010003fc4                dmul_shim
 .text.ddiv_shim
                0x0000000010004120      0x1b0 CMakeFiles/main.dir/home/iwo/pico/pico-sdk/src/rp2_common/pico_double/double_v1_rom_shim.S.obj
                0x0000000010004120                ddiv_shim
 .text.dcordic_vec_step
                0x00000000100042d0        0xe CMakeFiles/main.dir/home/iwo/pico/pico-sdk/src/rp2_common/pico_double/double_v1_rom_shim.S.obj
                0x00000000100042d0                dcordic_vec_step
 .text.dcordic_rot_step
                0x00000000100042de       0x76 CMakeFiles/main.dir/home/iwo/pico/pico-sdk/src/rp2_common/pico_double/double_v1_rom_shim.S.obj
                0x00000000100042de                dcordic_rot_step
 .text.double2uint_shim
                0x0000000010004354        0xe CMakeFiles/main.dir/home/iwo/pico/pico-sdk/src/rp2_common/pico_double/double_v1_rom_shim.S.obj
                0x0000000010004354                double2uint_shim
                0x0000000010004356                double2ufix_shim
 .text.double2int64_shim
                0x0000000010004362       0x1a CMakeFiles/main.dir/home/iwo/pico/pico-sdk/src/rp2_common/pico_double/double_v1_rom_shim.S.obj
                0x0000000010004362                double2int64_shim
                0x0000000010004364                double2fix64_shim
 .text.double2uint64_shim
                0x000000001000437c       0x70 CMakeFiles/main.dir/home/iwo/pico/pico-sdk/src/rp2_common/pico_double/double_v1_rom_shim.S.obj
                0x000000001000437c                double2uint64_shim
                0x000000001000437e                double2ufix64_shim
                0x000000001000439e                d2fix_a
 .text.double2float_shim
                0x00000000100043ec       0x5c CMakeFiles/main.dir/home/iwo/pico/pico-sdk/src/rp2_common/pico_double/double_v1_rom_shim.S.obj
                0x00000000100043ec                double2float_shim
 .text.x2double_shims
                0x0000000010004448       0x90 CMakeFiles/main.dir/home/iwo/pico/pico-sdk/src/rp2_common/pico_double/double_v1_rom_shim.S.obj
                0x0000000010004448                uint2double_shim
                0x000000001000444a                ufix2double_shim
                0x0000000010004450                int2double_shim
                0x0000000010004452                fix2double_shim
                0x0000000010004458                uint642double_shim
                0x000000001000445a                ufix642double_shim
                0x0000000010004460                int642double_shim
                0x0000000010004462                fix642double_shim
 .text.dunpacks
                0x00000000100044d8       0x3c CMakeFiles/main.dir/home/iwo/pico/pico-sdk/src/rp2_common/pico_double/double_v1_rom_shim.S.obj
                0x00000000100044d8                dunpacks
 .text.dreduce  0x0000000010004514       0x82 CMakeFiles/main.dir/home/iwo/pico/pico-sdk/src/rp2_common/pico_double/double_v1_rom_shim.S.obj
                0x0000000010004514                dreduce
 .text.dcos_shim
                0x0000000010004596       0x10 CMakeFiles/main.dir/home/iwo/pico/pico-sdk/src/rp2_common/pico_double/double_v1_rom_shim.S.obj
                0x0000000010004596                dcos_shim
 .text.dsin_shim
                0x00000000100045a6       0x14 CMakeFiles/main.dir/home/iwo/pico/pico-sdk/src/rp2_common/pico_double/double_v1_rom_shim.S.obj
                0x00000000100045a6                dsin_shim
 *fill*         0x00000000100045ba        0x2 
 .text.dtrig_guts
                0x00000000100045bc      0x2ec CMakeFiles/main.dir/home/iwo/pico/pico-sdk/src/rp2_common/pico_double/double_v1_rom_shim.S.obj
                0x0000000010004694                datan2_shim
 .text.__aeabi_lmul
                0x00000000100048a8       0x32 CMakeFiles/main.dir/home/iwo/pico/pico-sdk/src/rp2_common/pico_int64_ops/pico_int64_ops_aeabi.S.obj
                0x00000000100048a8                __wrap___aeabi_lmul
 *fill*         0x00000000100048da        0x2 
 .text.__wrap___aeabi_i2f
                0x00000000100048dc       0x44 CMakeFiles/main.dir/home/iwo/pico/pico-sdk/src/rp2_common/pico_float/float_aeabi.S.obj
                0x00000000100048dc                __wrap___aeabi_i2f
 .text.__wrap___aeabi_f2iz
                0x0000000010004920       0x4e CMakeFiles/main.dir/home/iwo/pico/pico-sdk/src/rp2_common/pico_float/float_aeabi.S.obj
                0x0000000010004920                __wrap___aeabi_f2iz
                0x0000000010004920                float2int_z
 *fill*         0x000000001000496e        0x2 
 .text.float2int
                0x0000000010004970       0x14 CMakeFiles/main.dir/home/iwo/pico/pico-sdk/src/rp2_common/pico_float/float_aeabi.S.obj
                0x0000000010004970                float2int
 .text.__wrap___aeabi_f2uiz
                0x0000000010004984       0x10 CMakeFiles/main.dir/home/iwo/pico/pico-sdk/src/rp2_common/pico_float/float_aeabi.S.obj
                0x0000000010004984                __wrap___aeabi_f2uiz
 .text.__wrap___aeabi_f2d
                0x0000000010004994       0x14 CMakeFiles/main.dir/home/iwo/pico/pico-sdk/src/rp2_common/pico_float/float_aeabi.S.obj
                0x0000000010004994                __wrap___aeabi_f2d
 .text.__aeabi_float_init
                0x00000000100049a8       0xfc CMakeFiles/main.dir/home/iwo/pico/pico-sdk/src/rp2_common/pico_float/float_init_rom.c.obj
                0x00000000100049a8                __aeabi_float_init
 .text.float_table_shim_on_use_helper
                0x0000000010004aa4       0x34 CMakeFiles/main.dir/home/iwo/pico/pico-sdk/src/rp2_common/pico_float/float_v1_rom_shim.S.obj
                0x0000000010004aa4                float_table_shim_on_use_helper
 .text.float232_shims
                0x0000000010004ad8       0x18 CMakeFiles/main.dir/home/iwo/pico/pico-sdk/src/rp2_common/pico_float/float_v1_rom_shim.S.obj
                0x0000000010004ad8                float2int_shim
                0x0000000010004ada                float2fix_shim
 .text.float2double_shim
                0x0000000010004af0       0x30 CMakeFiles/main.dir/home/iwo/pico/pico-sdk/src/rp2_common/pico_float/float_v1_rom_shim.S.obj
                0x0000000010004af0                float2double_shim
 .text.__wrap_malloc
                0x0000000010004b20       0x24 CMakeFiles/main.dir/home/iwo/pico/pico-sdk/src/rp2_common/pico_malloc/pico_malloc.c.obj
                0x0000000010004b20                __wrap_malloc
 .text.__wrap_free
                0x0000000010004b44        0x8 CMakeFiles/main.dir/home/iwo/pico/pico-sdk/src/rp2_common/pico_malloc/pico_malloc.c.obj
                0x0000000010004b44                __wrap_free
 .text          0x0000000010004b4c       0x10 CMakeFiles/main.dir/home/iwo/pico/pico-sdk/src/rp2_common/pico_mem_ops/mem_ops_aeabi.S.obj
                0x0000000010004b4c                __aeabi_mem_init
 .text.memset   0x0000000010004b5c        0xc CMakeFiles/main.dir/home/iwo/pico/pico-sdk/src/rp2_common/pico_mem_ops/mem_ops_aeabi.S.obj
                0x0000000010004b5c                __wrap_memset
 .text.memcpy   0x0000000010004b68        0xc CMakeFiles/main.dir/home/iwo/pico/pico-sdk/src/rp2_common/pico_mem_ops/mem_ops_aeabi.S.obj
                0x0000000010004b68                __wrap___aeabi_memcpy
                0x0000000010004b68                __wrap_memcpy
 .text.stdio_out_chars_no_crlf
                0x0000000010004b74        0xe CMakeFiles/main.dir/home/iwo/pico/pico-sdk/src/rp2_common/pico_stdio/stdio.c.obj
 *fill*         0x0000000010004b82        0x2 
 .text.stdio_out_chars_crlf
                0x0000000010004b84       0x84 CMakeFiles/main.dir/home/iwo/pico/pico-sdk/src/rp2_common/pico_stdio/stdio.c.obj
 .text.stdio_stack_buffer_flush
                0x0000000010004c08       0x44 CMakeFiles/main.dir/home/iwo/pico/pico-sdk/src/rp2_common/pico_stdio/stdio.c.obj
 .text.stdio_buffered_printer
                0x0000000010004c4c       0x20 CMakeFiles/main.dir/home/iwo/pico/pico-sdk/src/rp2_common/pico_stdio/stdio.c.obj
 .text.stdout_serialize_begin
                0x0000000010004c6c       0x30 CMakeFiles/main.dir/home/iwo/pico/pico-sdk/src/rp2_common/pico_stdio/stdio.c.obj
                0x0000000010004c6c                stdout_serialize_begin
 .text.stdout_serialize_end
                0x0000000010004c9c       0x10 CMakeFiles/main.dir/home/iwo/pico/pico-sdk/src/rp2_common/pico_stdio/stdio.c.obj
                0x0000000010004c9c                stdout_serialize_end
 .text.stdio_put_string
                0x0000000010004cac       0x94 CMakeFiles/main.dir/home/iwo/pico/pico-sdk/src/rp2_common/pico_stdio/stdio.c.obj
 .text.stdio_set_driver_enabled
                0x0000000010004d40       0x2c CMakeFiles/main.dir/home/iwo/pico/pico-sdk/src/rp2_common/pico_stdio/stdio.c.obj
                0x0000000010004d40                stdio_set_driver_enabled
 .text.stdio_flush
                0x0000000010004d6c       0x20 CMakeFiles/main.dir/home/iwo/pico/pico-sdk/src/rp2_common/pico_stdio/stdio.c.obj
                0x0000000010004d6c                stdio_flush
 .text.__wrap_puts
                0x0000000010004d8c       0x1e CMakeFiles/main.dir/home/iwo/pico/pico-sdk/src/rp2_common/pico_stdio/stdio.c.obj
                0x0000000010004d8c                __wrap_puts
 *fill*         0x0000000010004daa        0x2 
 .text.__wrap_vprintf
                0x0000000010004dac       0x44 CMakeFiles/main.dir/home/iwo/pico/pico-sdk/src/rp2_common/pico_stdio/stdio.c.obj
                0x0000000010004dac                __wrap_vprintf
 .text.__wrap_printf
                0x0000000010004df0       0x18 CMakeFiles/main.dir/home/iwo/pico/pico-sdk/src/rp2_common/pico_stdio/stdio.c.obj
                0x0000000010004df0                __wrap_printf
 .text.stdio_init_all
                0x0000000010004e08        0x8 CMakeFiles/main.dir/home/iwo/pico/pico-sdk/src/rp2_common/pico_stdio/stdio.c.obj
                0x0000000010004e08                stdio_init_all
 .text.resetd_init
                0x0000000010004e10        0x2 CMakeFiles/main.dir/home/iwo/pico/pico-sdk/src/rp2_common/pico_stdio_usb/reset_interface.c.obj
 *fill*         0x0000000010004e12        0x2 
 .text.resetd_reset
                0x0000000010004e14        0xc CMakeFiles/main.dir/home/iwo/pico/pico-sdk/src/rp2_common/pico_stdio_usb/reset_interface.c.obj
 .text.resetd_open
                0x0000000010004e20       0x34 CMakeFiles/main.dir/home/iwo/pico/pico-sdk/src/rp2_common/pico_stdio_usb/reset_interface.c.obj
 .text.resetd_xfer_cb
                0x0000000010004e54        0x4 CMakeFiles/main.dir/home/iwo/pico/pico-sdk/src/rp2_common/pico_stdio_usb/reset_interface.c.obj
 .text.resetd_control_xfer_cb
                0x0000000010004e58       0x6c CMakeFiles/main.dir/home/iwo/pico/pico-sdk/src/rp2_common/pico_stdio_usb/reset_interface.c.obj
 .text.usbd_app_driver_get_cb
                0x0000000010004ec4        0xc CMakeFiles/main.dir/home/iwo/pico/pico-sdk/src/rp2_common/pico_stdio_usb/reset_interface.c.obj
                0x0000000010004ec4                usbd_app_driver_get_cb
 .text.tud_cdc_line_coding_cb
                0x0000000010004ed0       0x34 CMakeFiles/main.dir/home/iwo/pico/pico-sdk/src/rp2_common/pico_stdio_usb/reset_interface.c.obj
                0x0000000010004ed0                tud_cdc_line_coding_cb
 .text.stdio_usb_in_chars
                0x0000000010004f04       0x70 CMakeFiles/main.dir/home/iwo/pico/pico-sdk/src/rp2_common/pico_stdio_usb/stdio_usb.c.obj
                0x0000000010004f04                stdio_usb_in_chars
 .text.low_priority_worker_irq
                0x0000000010004f74       0x20 CMakeFiles/main.dir/home/iwo/pico/pico-sdk/src/rp2_common/pico_stdio_usb/stdio_usb.c.obj
 .text.stdio_usb_out_chars
                0x0000000010004f94       0xd4 CMakeFiles/main.dir/home/iwo/pico/pico-sdk/src/rp2_common/pico_stdio_usb/stdio_usb.c.obj
 .text.timer_task
                0x0000000010005068       0x10 CMakeFiles/main.dir/home/iwo/pico/pico-sdk/src/rp2_common/pico_stdio_usb/stdio_usb.c.obj
 .text.stdio_usb_init
                0x0000000010005078       0xb4 CMakeFiles/main.dir/home/iwo/pico/pico-sdk/src/rp2_common/pico_stdio_usb/stdio_usb.c.obj
                0x0000000010005078                stdio_usb_init
 .text.tud_descriptor_device_cb
                0x000000001000512c        0x8 CMakeFiles/main.dir/home/iwo/pico/pico-sdk/src/rp2_common/pico_stdio_usb/stdio_usb_descriptors.c.obj
                0x000000001000512c                tud_descriptor_device_cb
 .text.tud_descriptor_configuration_cb
                0x0000000010005134        0x8 CMakeFiles/main.dir/home/iwo/pico/pico-sdk/src/rp2_common/pico_stdio_usb/stdio_usb_descriptors.c.obj
                0x0000000010005134                tud_descriptor_configuration_cb
 .text.tud_descriptor_string_cb
                0x000000001000513c       0x68 CMakeFiles/main.dir/home/iwo/pico/pico-sdk/src/rp2_common/pico_stdio_usb/stdio_usb_descriptors.c.obj
                0x000000001000513c                tud_descriptor_string_cb
 .text.hw_endpoint_get_by_addr
                0x00000000100051a4       0x18 CMakeFiles/main.dir/home/iwo/pico/pico-sdk/lib/tinyusb/src/portable/raspberrypi/rp2040/dcd_rp2040.c.obj
 .text.reset_ep0_pid
                0x00000000100051bc       0x28 CMakeFiles/main.dir/home/iwo/pico/pico-sdk/lib/tinyusb/src/portable/raspberrypi/rp2040/dcd_rp2040.c.obj
 .text._hw_endpoint_alloc
                0x00000000100051e4       0x70 CMakeFiles/main.dir/home/iwo/pico/pico-sdk/lib/tinyusb/src/portable/raspberrypi/rp2040/dcd_rp2040.c.obj
 .text.hw_endpoint_init
                0x0000000010005254       0x88 CMakeFiles/main.dir/home/iwo/pico/pico-sdk/lib/tinyusb/src/portable/raspberrypi/rp2040/dcd_rp2040.c.obj
 .text.reset_non_control_endpoints
                0x00000000100052dc       0x44 CMakeFiles/main.dir/home/iwo/pico/pico-sdk/lib/tinyusb/src/portable/raspberrypi/rp2040/dcd_rp2040.c.obj
 .text.hw_handle_buff_status
                0x0000000010005320       0x8c CMakeFiles/main.dir/home/iwo/pico/pico-sdk/lib/tinyusb/src/portable/raspberrypi/rp2040/dcd_rp2040.c.obj
 .text.dcd_rp2040_irq
                0x00000000100053ac       0xbc CMakeFiles/main.dir/home/iwo/pico/pico-sdk/lib/tinyusb/src/portable/raspberrypi/rp2040/dcd_rp2040.c.obj
 .text.hw_endpoint_xfer
                0x0000000010005468       0x14 CMakeFiles/main.dir/home/iwo/pico/pico-sdk/lib/tinyusb/src/portable/raspberrypi/rp2040/dcd_rp2040.c.obj
 .text.dcd_int_enable
                0x000000001000547c       0x2c CMakeFiles/main.dir/home/iwo/pico/pico-sdk/lib/tinyusb/src/portable/raspberrypi/rp2040/dcd_rp2040.c.obj
                0x000000001000547c                dcd_int_enable
 .text.dcd_set_address
                0x00000000100054a8       0x2c CMakeFiles/main.dir/home/iwo/pico/pico-sdk/lib/tinyusb/src/portable/raspberrypi/rp2040/dcd_rp2040.c.obj
                0x00000000100054a8                dcd_set_address
 .text.dcd_connect
                0x00000000100054d4       0x10 CMakeFiles/main.dir/home/iwo/pico/pico-sdk/lib/tinyusb/src/portable/raspberrypi/rp2040/dcd_rp2040.c.obj
                0x00000000100054d4                dcd_connect
 .text.dcd_init
                0x00000000100054e4       0x7c CMakeFiles/main.dir/home/iwo/pico/pico-sdk/lib/tinyusb/src/portable/raspberrypi/rp2040/dcd_rp2040.c.obj
                0x00000000100054e4                dcd_init
 .text.dcd_edpt0_status_complete
                0x0000000010005560       0x1c CMakeFiles/main.dir/home/iwo/pico/pico-sdk/lib/tinyusb/src/portable/raspberrypi/rp2040/dcd_rp2040.c.obj
                0x0000000010005560                dcd_edpt0_status_complete
 .text.dcd_edpt_open
                0x000000001000557c       0x40 CMakeFiles/main.dir/home/iwo/pico/pico-sdk/lib/tinyusb/src/portable/raspberrypi/rp2040/dcd_rp2040.c.obj
                0x000000001000557c                dcd_edpt_open
 .text.dcd_edpt_close_all
                0x00000000100055bc        0x8 CMakeFiles/main.dir/home/iwo/pico/pico-sdk/lib/tinyusb/src/portable/raspberrypi/rp2040/dcd_rp2040.c.obj
                0x00000000100055bc                dcd_edpt_close_all
 .text.dcd_edpt_xfer
                0x00000000100055c4       0x30 CMakeFiles/main.dir/home/iwo/pico/pico-sdk/lib/tinyusb/src/portable/raspberrypi/rp2040/dcd_rp2040.c.obj
                0x00000000100055c4                dcd_edpt_xfer
 .text.dcd_edpt_stall
                0x00000000100055f4       0x2c CMakeFiles/main.dir/home/iwo/pico/pico-sdk/lib/tinyusb/src/portable/raspberrypi/rp2040/dcd_rp2040.c.obj
                0x00000000100055f4                dcd_edpt_stall
 .text.dcd_edpt_clear_stall
                0x0000000010005620       0x20 CMakeFiles/main.dir/home/iwo/pico/pico-sdk/lib/tinyusb/src/portable/raspberrypi/rp2040/dcd_rp2040.c.obj
                0x0000000010005620                dcd_edpt_clear_stall
 .text.prepare_ep_buffer
                0x0000000010005640       0x70 CMakeFiles/main.dir/home/iwo/pico/pico-sdk/lib/tinyusb/src/portable/raspberrypi/rp2040/rp2040_usb.c.obj
 .text.sync_ep_buffer
                0x00000000100056b0       0x7c CMakeFiles/main.dir/home/iwo/pico/pico-sdk/lib/tinyusb/src/portable/raspberrypi/rp2040/rp2040_usb.c.obj
 .text._hw_endpoint_xfer_sync
                0x000000001000572c       0x28 CMakeFiles/main.dir/home/iwo/pico/pico-sdk/lib/tinyusb/src/portable/raspberrypi/rp2040/rp2040_usb.c.obj
 .text.rp2040_usb_init
                0x0000000010005754       0x4c CMakeFiles/main.dir/home/iwo/pico/pico-sdk/lib/tinyusb/src/portable/raspberrypi/rp2040/rp2040_usb.c.obj
                0x0000000010005754                rp2040_usb_init
 .text.hw_endpoint_reset_transfer
                0x00000000100057a0        0xc CMakeFiles/main.dir/home/iwo/pico/pico-sdk/lib/tinyusb/src/portable/raspberrypi/rp2040/rp2040_usb.c.obj
                0x00000000100057a0                hw_endpoint_reset_transfer
 .text._hw_endpoint_buffer_control_update32
                0x00000000100057ac       0x58 CMakeFiles/main.dir/home/iwo/pico/pico-sdk/lib/tinyusb/src/portable/raspberrypi/rp2040/rp2040_usb.c.obj
                0x00000000100057ac                _hw_endpoint_buffer_control_update32
 .text._hw_endpoint_start_next_buffer
                0x0000000010005804       0x74 CMakeFiles/main.dir/home/iwo/pico/pico-sdk/lib/tinyusb/src/portable/raspberrypi/rp2040/rp2040_usb.c.obj
 .text.hw_endpoint_xfer_start
                0x0000000010005878       0x48 CMakeFiles/main.dir/home/iwo/pico/pico-sdk/lib/tinyusb/src/portable/raspberrypi/rp2040/rp2040_usb.c.obj
                0x0000000010005878                hw_endpoint_xfer_start
 .text.hw_endpoint_xfer_continue
                0x00000000100058c0       0x38 CMakeFiles/main.dir/home/iwo/pico/pico-sdk/lib/tinyusb/src/portable/raspberrypi/rp2040/rp2040_usb.c.obj
                0x00000000100058c0                hw_endpoint_xfer_continue
 .text.configuration_reset
                0x00000000100058f8       0x88 CMakeFiles/main.dir/home/iwo/pico/pico-sdk/lib/tinyusb/src/device/usbd.c.obj
 .text.usbd_reset
                0x0000000010005980        0xc CMakeFiles/main.dir/home/iwo/pico/pico-sdk/lib/tinyusb/src/device/usbd.c.obj
 .text.invoke_class_control
                0x000000001000598c       0x1a CMakeFiles/main.dir/home/iwo/pico/pico-sdk/lib/tinyusb/src/device/usbd.c.obj
 *fill*         0x00000000100059a6        0x2 
 .text.process_set_config
                0x00000000100059a8      0x1ac CMakeFiles/main.dir/home/iwo/pico/pico-sdk/lib/tinyusb/src/device/usbd.c.obj
 .text.process_get_descriptor
                0x0000000010005b54       0xf8 CMakeFiles/main.dir/home/iwo/pico/pico-sdk/lib/tinyusb/src/device/usbd.c.obj
 .text.tud_mounted
                0x0000000010005c4c       0x10 CMakeFiles/main.dir/home/iwo/pico/pico-sdk/lib/tinyusb/src/device/usbd.c.obj
                0x0000000010005c4c                tud_mounted
 .text.tud_suspended
                0x0000000010005c5c       0x10 CMakeFiles/main.dir/home/iwo/pico/pico-sdk/lib/tinyusb/src/device/usbd.c.obj
                0x0000000010005c5c                tud_suspended
 .text.tud_inited
                0x0000000010005c6c        0xc CMakeFiles/main.dir/home/iwo/pico/pico-sdk/lib/tinyusb/src/device/usbd.c.obj
                0x0000000010005c6c                tud_inited
 .text.tud_init
                0x0000000010005c78       0xd0 CMakeFiles/main.dir/home/iwo/pico/pico-sdk/lib/tinyusb/src/device/usbd.c.obj
                0x0000000010005c78                tud_init
 .text.dcd_event_handler
                0x0000000010005d48      0x1e0 CMakeFiles/main.dir/home/iwo/pico/pico-sdk/lib/tinyusb/src/device/usbd.c.obj
                0x0000000010005d48                dcd_event_handler
 .text.dcd_event_bus_signal
                0x0000000010005f28       0x26 CMakeFiles/main.dir/home/iwo/pico/pico-sdk/lib/tinyusb/src/device/usbd.c.obj
                0x0000000010005f28                dcd_event_bus_signal
 .text.dcd_event_bus_reset
                0x0000000010005f4e       0x2a CMakeFiles/main.dir/home/iwo/pico/pico-sdk/lib/tinyusb/src/device/usbd.c.obj
                0x0000000010005f4e                dcd_event_bus_reset
 .text.dcd_event_setup_received
                0x0000000010005f78       0x32 CMakeFiles/main.dir/home/iwo/pico/pico-sdk/lib/tinyusb/src/device/usbd.c.obj
                0x0000000010005f78                dcd_event_setup_received
 .text.dcd_event_xfer_complete
                0x0000000010005faa       0x44 CMakeFiles/main.dir/home/iwo/pico/pico-sdk/lib/tinyusb/src/device/usbd.c.obj
                0x0000000010005faa                dcd_event_xfer_complete
 *fill*         0x0000000010005fee        0x2 
 .text.usbd_edpt_open
                0x0000000010005ff0       0x5c CMakeFiles/main.dir/home/iwo/pico/pico-sdk/lib/tinyusb/src/device/usbd.c.obj
                0x0000000010005ff0                usbd_edpt_open
 .text.usbd_open_edpt_pair
                0x000000001000604c       0x8c CMakeFiles/main.dir/home/iwo/pico/pico-sdk/lib/tinyusb/src/device/usbd.c.obj
                0x000000001000604c                usbd_open_edpt_pair
 .text.usbd_edpt_claim
                0x00000000100060d8       0x8c CMakeFiles/main.dir/home/iwo/pico/pico-sdk/lib/tinyusb/src/device/usbd.c.obj
                0x00000000100060d8                usbd_edpt_claim
 .text.usbd_edpt_release
                0x0000000010006164       0x68 CMakeFiles/main.dir/home/iwo/pico/pico-sdk/lib/tinyusb/src/device/usbd.c.obj
                0x0000000010006164                usbd_edpt_release
 .text.usbd_edpt_xfer
                0x00000000100061cc       0x80 CMakeFiles/main.dir/home/iwo/pico/pico-sdk/lib/tinyusb/src/device/usbd.c.obj
                0x00000000100061cc                usbd_edpt_xfer
 .text.usbd_edpt_stall
                0x000000001000624c       0x40 CMakeFiles/main.dir/home/iwo/pico/pico-sdk/lib/tinyusb/src/device/usbd.c.obj
                0x000000001000624c                usbd_edpt_stall
 .text.usbd_edpt_clear_stall
                0x000000001000628c       0x40 CMakeFiles/main.dir/home/iwo/pico/pico-sdk/lib/tinyusb/src/device/usbd.c.obj
                0x000000001000628c                usbd_edpt_clear_stall
 .text.usbd_edpt_stalled
                0x00000000100062cc       0x1c CMakeFiles/main.dir/home/iwo/pico/pico-sdk/lib/tinyusb/src/device/usbd.c.obj
                0x00000000100062cc                usbd_edpt_stalled
 .text.process_control_request
                0x00000000100062e8      0x3cc CMakeFiles/main.dir/home/iwo/pico/pico-sdk/lib/tinyusb/src/device/usbd.c.obj
 .text.tud_task
                0x00000000100066b4      0x220 CMakeFiles/main.dir/home/iwo/pico/pico-sdk/lib/tinyusb/src/device/usbd.c.obj
                0x00000000100066b4                tud_task
 .text._data_stage_xact
                0x00000000100068d4       0x58 CMakeFiles/main.dir/home/iwo/pico/pico-sdk/lib/tinyusb/src/device/usbd_control.c.obj
 .text.tud_control_status
                0x000000001000692c       0x38 CMakeFiles/main.dir/home/iwo/pico/pico-sdk/lib/tinyusb/src/device/usbd_control.c.obj
                0x000000001000692c                tud_control_status
 .text.tud_control_xfer
                0x0000000010006964       0xa4 CMakeFiles/main.dir/home/iwo/pico/pico-sdk/lib/tinyusb/src/device/usbd_control.c.obj
                0x0000000010006964                tud_control_xfer
 .text.usbd_control_reset
                0x0000000010006a08       0x14 CMakeFiles/main.dir/home/iwo/pico/pico-sdk/lib/tinyusb/src/device/usbd_control.c.obj
                0x0000000010006a08                usbd_control_reset
 .text.usbd_control_set_complete_callback
                0x0000000010006a1c        0xc CMakeFiles/main.dir/home/iwo/pico/pico-sdk/lib/tinyusb/src/device/usbd_control.c.obj
                0x0000000010006a1c                usbd_control_set_complete_callback
 .text.usbd_control_set_request
                0x0000000010006a28       0x1c CMakeFiles/main.dir/home/iwo/pico/pico-sdk/lib/tinyusb/src/device/usbd_control.c.obj
                0x0000000010006a28                usbd_control_set_request
 .text.usbd_control_xfer_cb
                0x0000000010006a44      0x104 CMakeFiles/main.dir/home/iwo/pico/pico-sdk/lib/tinyusb/src/device/usbd_control.c.obj
                0x0000000010006a44                usbd_control_xfer_cb
 .text._prep_out_transaction
                0x0000000010006b48       0x46 CMakeFiles/main.dir/home/iwo/pico/pico-sdk/lib/tinyusb/src/class/cdc/cdc_device.c.obj
 *fill*         0x0000000010006b8e        0x2 
 .text.tud_cdc_n_connected
                0x0000000010006b90       0x44 CMakeFiles/main.dir/home/iwo/pico/pico-sdk/lib/tinyusb/src/class/cdc/cdc_device.c.obj
                0x0000000010006b90                tud_cdc_n_connected
 .text.tud_cdc_n_available
                0x0000000010006bd4       0x1c CMakeFiles/main.dir/home/iwo/pico/pico-sdk/lib/tinyusb/src/class/cdc/cdc_device.c.obj
                0x0000000010006bd4                tud_cdc_n_available
 .text.tud_cdc_n_read
                0x0000000010006bf0       0x28 CMakeFiles/main.dir/home/iwo/pico/pico-sdk/lib/tinyusb/src/class/cdc/cdc_device.c.obj
                0x0000000010006bf0                tud_cdc_n_read
 .text.tud_cdc_n_write_flush
                0x0000000010006c18       0xcc CMakeFiles/main.dir/home/iwo/pico/pico-sdk/lib/tinyusb/src/class/cdc/cdc_device.c.obj
                0x0000000010006c18                tud_cdc_n_write_flush
 .text.tud_cdc_n_write
                0x0000000010006ce4       0x38 CMakeFiles/main.dir/home/iwo/pico/pico-sdk/lib/tinyusb/src/class/cdc/cdc_device.c.obj
                0x0000000010006ce4                tud_cdc_n_write
 .text.tud_cdc_n_write_available
                0x0000000010006d1c       0x1c CMakeFiles/main.dir/home/iwo/pico/pico-sdk/lib/tinyusb/src/class/cdc/cdc_device.c.obj
                0x0000000010006d1c                tud_cdc_n_write_available
 .text.cdcd_init
                0x0000000010006d38       0xc0 CMakeFiles/main.dir/home/iwo/pico/pico-sdk/lib/tinyusb/src/class/cdc/cdc_device.c.obj
                0x0000000010006d38                cdcd_init
 .text.cdcd_reset
                0x0000000010006df8       0x44 CMakeFiles/main.dir/home/iwo/pico/pico-sdk/lib/tinyusb/src/class/cdc/cdc_device.c.obj
                0x0000000010006df8                cdcd_reset
 .text.cdcd_open
                0x0000000010006e3c      0x100 CMakeFiles/main.dir/home/iwo/pico/pico-sdk/lib/tinyusb/src/class/cdc/cdc_device.c.obj
                0x0000000010006e3c                cdcd_open
 .text.cdcd_control_xfer_cb
                0x0000000010006f3c      0x12c CMakeFiles/main.dir/home/iwo/pico/pico-sdk/lib/tinyusb/src/class/cdc/cdc_device.c.obj
                0x0000000010006f3c                cdcd_control_xfer_cb
 .text.cdcd_xfer_cb
                0x0000000010007068      0x140 CMakeFiles/main.dir/home/iwo/pico/pico-sdk/lib/tinyusb/src/class/cdc/cdc_device.c.obj
                0x0000000010007068                cdcd_xfer_cb
 .text.tusb_init
                0x00000000100071a8       0x24 CMakeFiles/main.dir/home/iwo/pico/pico-sdk/lib/tinyusb/src/tusb.c.obj
                0x00000000100071a8                tusb_init
 .text.tusb_inited
                0x00000000100071cc        0xe CMakeFiles/main.dir/home/iwo/pico/pico-sdk/lib/tinyusb/src/tusb.c.obj
                0x00000000100071cc                tusb_inited
 *fill*         0x00000000100071da        0x2 
 .text.tu_edpt_validate
                0x00000000100071dc       0xa8 CMakeFiles/main.dir/home/iwo/pico/pico-sdk/lib/tinyusb/src/tusb.c.obj
                0x00000000100071dc                tu_edpt_validate
 .text.tu_edpt_bind_driver
                0x0000000010007284       0x2a CMakeFiles/main.dir/home/iwo/pico/pico-sdk/lib/tinyusb/src/tusb.c.obj
                0x0000000010007284                tu_edpt_bind_driver
 .text.advance_pointer
                0x00000000100072ae       0x18 CMakeFiles/main.dir/home/iwo/pico/pico-sdk/lib/tinyusb/src/common/tusb_fifo.c.obj
 .text.backward_pointer
                0x00000000100072c6       0x18 CMakeFiles/main.dir/home/iwo/pico/pico-sdk/lib/tinyusb/src/common/tusb_fifo.c.obj
 .text.get_relative_pointer
                0x00000000100072de       0x10 CMakeFiles/main.dir/home/iwo/pico/pico-sdk/lib/tinyusb/src/common/tusb_fifo.c.obj
 .text._tu_fifo_peek
                0x00000000100072ee       0x4c CMakeFiles/main.dir/home/iwo/pico/pico-sdk/lib/tinyusb/src/common/tusb_fifo.c.obj
 .text._ff_pull_const_addr
                0x000000001000733a       0x46 CMakeFiles/main.dir/home/iwo/pico/pico-sdk/lib/tinyusb/src/common/tusb_fifo.c.obj
 .text._ff_pull_n
                0x0000000010007380       0xfe CMakeFiles/main.dir/home/iwo/pico/pico-sdk/lib/tinyusb/src/common/tusb_fifo.c.obj
 .text._tu_fifo_peek_n
                0x000000001000747e       0x5e CMakeFiles/main.dir/home/iwo/pico/pico-sdk/lib/tinyusb/src/common/tusb_fifo.c.obj
 .text._tu_fifo_read_n
                0x00000000100074dc       0x4e CMakeFiles/main.dir/home/iwo/pico/pico-sdk/lib/tinyusb/src/common/tusb_fifo.c.obj
 .text._ff_push_const_addr
                0x000000001000752a       0x3a CMakeFiles/main.dir/home/iwo/pico/pico-sdk/lib/tinyusb/src/common/tusb_fifo.c.obj
 .text._ff_push_n
                0x0000000010007564       0xfa CMakeFiles/main.dir/home/iwo/pico/pico-sdk/lib/tinyusb/src/common/tusb_fifo.c.obj
 .text._tu_fifo_write_n
                0x000000001000765e       0x9e CMakeFiles/main.dir/home/iwo/pico/pico-sdk/lib/tinyusb/src/common/tusb_fifo.c.obj
 .text.tu_fifo_config
                0x00000000100076fc       0x76 CMakeFiles/main.dir/home/iwo/pico/pico-sdk/lib/tinyusb/src/common/tusb_fifo.c.obj
                0x00000000100076fc                tu_fifo_config
 .text.tu_fifo_count
                0x0000000010007772       0x24 CMakeFiles/main.dir/home/iwo/pico/pico-sdk/lib/tinyusb/src/common/tusb_fifo.c.obj
                0x0000000010007772                tu_fifo_count
 .text.tu_fifo_empty
                0x0000000010007796        0xe CMakeFiles/main.dir/home/iwo/pico/pico-sdk/lib/tinyusb/src/common/tusb_fifo.c.obj
                0x0000000010007796                tu_fifo_empty
 .text.tu_fifo_remaining
                0x00000000100077a4       0x20 CMakeFiles/main.dir/home/iwo/pico/pico-sdk/lib/tinyusb/src/common/tusb_fifo.c.obj
                0x00000000100077a4                tu_fifo_remaining
 .text.tu_fifo_read
                0x00000000100077c4       0x42 CMakeFiles/main.dir/home/iwo/pico/pico-sdk/lib/tinyusb/src/common/tusb_fifo.c.obj
                0x00000000100077c4                tu_fifo_read
 .text.tu_fifo_read_n
                0x0000000010007806        0xa CMakeFiles/main.dir/home/iwo/pico/pico-sdk/lib/tinyusb/src/common/tusb_fifo.c.obj
                0x0000000010007806                tu_fifo_read_n
 .text.tu_fifo_write
                0x0000000010007810       0x6e CMakeFiles/main.dir/home/iwo/pico/pico-sdk/lib/tinyusb/src/common/tusb_fifo.c.obj
                0x0000000010007810                tu_fifo_write
 .text.tu_fifo_write_n
                0x000000001000787e        0xa CMakeFiles/main.dir/home/iwo/pico/pico-sdk/lib/tinyusb/src/common/tusb_fifo.c.obj
                0x000000001000787e                tu_fifo_write_n
 .text.tu_fifo_clear
                0x0000000010007888       0x4e CMakeFiles/main.dir/home/iwo/pico/pico-sdk/lib/tinyusb/src/common/tusb_fifo.c.obj
                0x0000000010007888                tu_fifo_clear
 .text.tu_fifo_set_overwritable
                0x00000000100078d6       0x3c CMakeFiles/main.dir/home/iwo/pico/pico-sdk/lib/tinyusb/src/common/tusb_fifo.c.obj
                0x00000000100078d6                tu_fifo_set_overwritable
 *fill*         0x0000000010007912        0x2 
 .text._retrieve_unique_id_on_boot
                0x0000000010007914       0x10 CMakeFiles/main.dir/home/iwo/pico/pico-sdk/src/rp2_common/pico_unique_id/unique_id.c.obj
 .text.pico_get_unique_board_id_string
                0x0000000010007924       0x60 CMakeFiles/main.dir/home/iwo/pico/pico-sdk/src/rp2_common/pico_unique_id/unique_id.c.obj
                0x0000000010007924                pico_get_unique_board_id_string
 .text.flash_get_unique_id
                0x0000000010007984       0x40 CMakeFiles/main.dir/home/iwo/pico/pico-sdk/src/rp2_common/hardware_flash/flash.c.obj
                0x0000000010007984                flash_get_unique_id
 .text.spi_set_baudrate
                0x00000000100079c4       0x90 CMakeFiles/main.dir/home/iwo/pico/pico-sdk/src/rp2_common/hardware_spi/spi.c.obj
                0x00000000100079c4                spi_set_baudrate
 .text.spi_init
                0x0000000010007a54       0x68 CMakeFiles/main.dir/home/iwo/pico/pico-sdk/src/rp2_common/hardware_spi/spi.c.obj
                0x0000000010007a54                spi_init
 .text.i2c_set_baudrate
                0x0000000010007abc       0xf0 CMakeFiles/main.dir/home/iwo/pico/pico-sdk/src/rp2_common/hardware_i2c/i2c.c.obj
                0x0000000010007abc                i2c_set_baudrate
 .text.i2c_init
                0x0000000010007bac       0x58 CMakeFiles/main.dir/home/iwo/pico/pico-sdk/src/rp2_common/hardware_i2c/i2c.c.obj
                0x0000000010007bac                i2c_init
 .text.update_clock
                0x0000000010007c04       0x3c Pico_Clock/libPico_Clock.a(Pico_Clock.c.obj)
                0x0000000010007c04                update_clock
 .text.polar    0x0000000010007c40       0x78 Pico_Clock/libPico_Clock.a(Pico_Clock.c.obj)
                0x0000000010007c40                polar
 .text.draw_seconds
                0x0000000010007cb8       0x7c Pico_Clock/libPico_Clock.a(Pico_Clock.c.obj)
                0x0000000010007cb8                draw_seconds
 .text.draw_minutes
                0x0000000010007d34       0x7c Pico_Clock/libPico_Clock.a(Pico_Clock.c.obj)
                0x0000000010007d34                draw_minutes
 .text.draw_hours
                0x0000000010007db0       0x74 Pico_Clock/libPico_Clock.a(Pico_Clock.c.obj)
                0x0000000010007db0                draw_hours
 .text.draw_clock
                0x0000000010007e24      0x30c Pico_Clock/libPico_Clock.a(Pico_Clock.c.obj)
                0x0000000010007e24                draw_clock
 .text.Pico_Clock
                0x0000000010008130      0x234 Pico_Clock/libPico_Clock.a(Pico_Clock.c.obj)
                0x0000000010008130                Pico_Clock
 .text.LCD_2IN_Reset
                0x0000000010008364       0x2e lib/LCD/libLCD.a(LCD_2in.c.obj)
 .text.LCD_2IN_SendCommand
                0x0000000010008392       0x24 lib/LCD/libLCD.a(LCD_2in.c.obj)
 .text.LCD_2IN_SendData_8Bit
                0x00000000100083b6       0x24 lib/LCD/libLCD.a(LCD_2in.c.obj)
 *fill*         0x00000000100083da        0x2 
 .text.LCD_2IN_SetAttributes
                0x00000000100083dc       0x38 lib/LCD/libLCD.a(LCD_2in.c.obj)
 .text.LCD_2IN_InitReg
                0x0000000010008414      0x1ae lib/LCD/libLCD.a(LCD_2in.c.obj)
 .text.LCD_2IN_Init
                0x00000000100085c2       0x1a lib/LCD/libLCD.a(LCD_2in.c.obj)
                0x00000000100085c2                LCD_2IN_Init
 .text.LCD_2IN_SetWindows
                0x00000000100085dc       0x5e lib/LCD/libLCD.a(LCD_2in.c.obj)
                0x00000000100085dc                LCD_2IN_SetWindows
 .text.LCD_2IN_Clear
                0x000000001000863a       0x60 lib/LCD/libLCD.a(LCD_2in.c.obj)
                0x000000001000863a                LCD_2IN_Clear
 *fill*         0x000000001000869a        0x2 
 .text.LCD_2IN_Display
                0x000000001000869c       0x58 lib/LCD/libLCD.a(LCD_2in.c.obj)
                0x000000001000869c                LCD_2IN_Display
 .text.SET_Infrared_PIN
                0x00000000100086f4       0x20 lib/Infrared/libInfrared.a(Infrared.c.obj)
                0x00000000100086f4                SET_Infrared_PIN
 .text.Paint_NewImage
                0x0000000010008714       0x48 lib/GUI/libGUI.a(GUI_Paint.c.obj)
                0x0000000010008714                Paint_NewImage
 .text.Paint_SetRotate
                0x000000001000875c       0x20 lib/GUI/libGUI.a(GUI_Paint.c.obj)
                0x000000001000875c                Paint_SetRotate
 .text.Paint_SetScale
                0x000000001000877c       0x68 lib/GUI/libGUI.a(GUI_Paint.c.obj)
                0x000000001000877c                Paint_SetScale
 .text.Paint_SetPixel
                0x00000000100087e4      0x168 lib/GUI/libGUI.a(GUI_Paint.c.obj)
                0x00000000100087e4                Paint_SetPixel
 .text.Paint_Clear
                0x000000001000894c       0xb0 lib/GUI/libGUI.a(GUI_Paint.c.obj)
                0x000000001000894c                Paint_Clear
 .text.Paint_DrawPoint
                0x00000000100089fc       0xb2 lib/GUI/libGUI.a(GUI_Paint.c.obj)
                0x00000000100089fc                Paint_DrawPoint
 *fill*         0x0000000010008aae        0x2 
 .text.Paint_DrawLine
                0x0000000010008ab0      0x124 lib/GUI/libGUI.a(GUI_Paint.c.obj)
                0x0000000010008ab0                Paint_DrawLine
 .text.Paint_DrawCircle
                0x0000000010008bd4      0x258 lib/GUI/libGUI.a(GUI_Paint.c.obj)
                0x0000000010008bd4                Paint_DrawCircle
 .text.Paint_DrawChar
                0x0000000010008e2c       0xf0 lib/GUI/libGUI.a(GUI_Paint.c.obj)
                0x0000000010008e2c                Paint_DrawChar
 .text.Paint_DrawString_EN
                0x0000000010008f1c       0x88 lib/GUI/libGUI.a(GUI_Paint.c.obj)
                0x0000000010008f1c                Paint_DrawString_EN
 .text.DEV_Digital_Write
                0x0000000010008fa4       0x18 lib/Config/libConfig.a(DEV_Config.c.obj)
                0x0000000010008fa4                DEV_Digital_Write
 .text.DEV_Digital_Read
                0x0000000010008fbc        0xe lib/Config/libConfig.a(DEV_Config.c.obj)
                0x0000000010008fbc                DEV_Digital_Read
 *fill*         0x0000000010008fca        0x2 
 .text.DEV_SPI_WriteByte
                0x0000000010008fcc       0x1c lib/Config/libConfig.a(DEV_Config.c.obj)
                0x0000000010008fcc                DEV_SPI_WriteByte
 .text.DEV_SPI_Write_nByte
                0x0000000010008fe8       0x14 lib/Config/libConfig.a(DEV_Config.c.obj)
                0x0000000010008fe8                DEV_SPI_Write_nByte
 .text.DEV_GPIO_Mode
                0x0000000010008ffc       0x26 lib/Config/libConfig.a(DEV_Config.c.obj)
                0x0000000010008ffc                DEV_GPIO_Mode
 .text.DEV_Delay_ms
                0x0000000010009022        0x8 lib/Config/libConfig.a(DEV_Config.c.obj)
                0x0000000010009022                DEV_Delay_ms
 .text.DEV_Delay_us
                0x000000001000902a        0xa lib/Config/libConfig.a(DEV_Config.c.obj)
                0x000000001000902a                DEV_Delay_us
 .text.DEV_GPIO_Init
                0x0000000010009034       0x4c lib/Config/libConfig.a(DEV_Config.c.obj)
                0x0000000010009034                DEV_GPIO_Init
 .text.DEV_Module_Init
                0x0000000010009080       0xcc lib/Config/libConfig.a(DEV_Config.c.obj)
                0x0000000010009080                DEV_Module_Init
 .text.DEV_SET_PWM
                0x000000001000914c       0x40 lib/Config/libConfig.a(DEV_Config.c.obj)
                0x000000001000914c                DEV_SET_PWM
 .text          0x000000001000918c      0x8b8 libFreeRTOS.a(queue.c.obj)
                0x00000000100092bc                xQueueGenericReset
                0x0000000010009362                xQueueGenericCreate
                0x00000000100093b4                xQueueGenericSend
                0x00000000100094a6                xQueueGenericSendFromISR
                0x000000001000952a                xQueueGiveFromISR
                0x000000001000959a                xQueueReceive
                0x0000000010009688                xQueueSemaphoreTake
                0x000000001000976c                xQueuePeek
                0x000000001000985a                xQueueReceiveFromISR
                0x00000000100098d8                xQueuePeekFromISR
                0x0000000010009906                uxQueueMessagesWaiting
                0x0000000010009918                uxQueueSpacesAvailable
                0x000000001000992e                uxQueueMessagesWaitingFromISR
                0x0000000010009932                xQueueIsQueueEmptyFromISR
                0x0000000010009940                xQueueIsQueueFullFromISR
                0x0000000010009950                vQueueAddToRegistry
                0x0000000010009998                pcQueueGetName
                0x00000000100099bc                vQueueUnregisterQueue
                0x00000000100099e4                vQueueDelete
                0x00000000100099f4                vQueueWaitForMessageRestricted
 .text          0x0000000010009a44     0x12f0 libFreeRTOS.a(tasks.c.obj)
                0x0000000010009cfc                xTaskCreate
                0x0000000010009d62                vTaskDelete
                0x0000000010009de8                uxTaskPriorityGet
                0x0000000010009e08                uxTaskPriorityGetFromISR
                0x0000000010009e28                vTaskPrioritySet
                0x0000000010009ef8                vTaskResume
                0x0000000010009f80                xTaskResumeFromISR
                0x000000001000a028                vTaskStartScheduler
                0x000000001000a084                vTaskEndScheduler
                0x000000001000a098                vTaskSuspendAll
                0x000000001000a0a8                xTaskGetTickCount
                0x000000001000a0b4                xTaskGetTickCountFromISR
                0x000000001000a0c0                uxTaskGetNumberOfTasks
                0x000000001000a0cc                pcTaskGetName
                0x000000001000a0e0                xTaskIncrementTick
                0x000000001000a238                xTaskResumeAll
                0x000000001000a368                xTaskDelayUntil
                0x000000001000a3cc                vTaskDelay
                0x000000001000a3f2                xTaskCatchUpTicks
                0x000000001000a414                vTaskSwitchContext
                0x000000001000a48c                vTaskSuspend
                0x000000001000a530                vTaskPlaceOnEventList
                0x000000001000a54c                vTaskPlaceOnUnorderedEventList
                0x000000001000a58c                vTaskPlaceOnEventListRestricted
                0x000000001000a5cc                xTaskRemoveFromEventList
                0x000000001000a6ac                vTaskRemoveFromUnorderedEventList
                0x000000001000a760                vTaskSetTimeOutState
                0x000000001000a77c                vTaskInternalSetTimeOutState
                0x000000001000a78c                xTaskCheckForTimeOut
                0x000000001000a7e4                vTaskMissedYield
                0x000000001000a7f0                vTaskSetThreadLocalStoragePointer
                0x000000001000a80c                pvTaskGetThreadLocalStoragePointer
                0x000000001000a82c                xTaskGetCurrentTaskHandle
                0x000000001000a838                xTaskGetSchedulerState
                0x000000001000a858                uxTaskResetEventItemValue
                0x000000001000a870                ulTaskGenericNotifyTake
                0x000000001000a8fc                xTaskGenericNotifyWait
                0x000000001000a99c                xTaskGenericNotify
                0x000000001000aaa4                xTaskGenericNotifyFromISR
                0x000000001000abe8                vTaskGenericNotifyGiveFromISR
                0x000000001000accc                xTaskGenericNotifyStateClear
                0x000000001000ad04                ulTaskGenericNotifyValueClear
 .text          0x000000001000ad34      0x47c libFreeRTOS.a(timers.c.obj)
                0x000000001000b03e                xTimerCreateTimerTask
                0x000000001000b078                xTimerCreate
                0x000000001000b0ac                xTimerGenericCommand
                0x000000001000b104                xTimerGetTimerDaemonTaskHandle
                0x000000001000b110                xTimerGetPeriod
                0x000000001000b114                vTimerSetReloadMode
                0x000000001000b13e                xTimerGetReloadMode
                0x000000001000b15c                uxTimerGetReloadMode
                0x000000001000b164                xTimerGetExpiryTime
                0x000000001000b168                pcTimerGetName
                0x000000001000b16c                xTimerIsTimerActive
                0x000000001000b18a                pvTimerGetTimerID
                0x000000001000b19c                vTimerSetTimerID
 .text          0x000000001000b1b0      0x18c libFreeRTOS.a(port.c.obj)
                0x000000001000b1f4                pxPortInitialiseStack
                0x000000001000b214                isr_svcall
                0x000000001000b216                vPortEndScheduler
                0x000000001000b218                vPortYield
                0x000000001000b230                vPortEnterCritical
                0x000000001000b248                vPortExitCritical
                0x000000001000b25c                ulSetInterruptMaskFromISR
                0x000000001000b264                vClearInterruptMaskFromISR
                0x000000001000b26a                isr_pendsv
                0x000000001000b2b4                isr_systick
                0x000000001000b2d8                vPortSetupTimerInterrupt
                0x000000001000b300                xPortStartScheduler
 .text          0x000000001000b33c       0x2e libFreeRTOS.a(heap_3.c.obj)
                0x000000001000b33c                pvPortMalloc
                0x000000001000b354                vPortFree
 .text          0x000000001000b36a       0x8c libFreeRTOS.a(list.c.obj)
                0x000000001000b36a                vListInitialise
                0x000000001000b380                vListInitialiseItem
                0x000000001000b386                vListInsertEnd
                0x000000001000b39e                vListInsert
                0x000000001000b3ce                uxListRemove
 *fill*         0x000000001000b3f6        0x2 
 .text          0x000000001000b3f8       0x28 /usr/lib/gcc/arm-none-eabi/6.3.1/../../../arm-none-eabi/lib/thumb/v6-m/libg.a(lib_a-malloc.o)
                0x000000001000b3f8                malloc
                0x000000001000b40c                free
 .text          0x000000001000b420      0x558 /usr/lib/gcc/arm-none-eabi/6.3.1/../../../arm-none-eabi/lib/thumb/v6-m/libg.a(lib_a-mallocr.o)
                0x000000001000b420                _malloc_r
 .text          0x000000001000b978        0x8 /usr/lib/gcc/arm-none-eabi/6.3.1/../../../arm-none-eabi/lib/thumb/v6-m/libg.a(lib_a-mlock.o)
                0x000000001000b978                __malloc_lock
                0x000000001000b97c                __malloc_unlock
 .text          0x000000001000b980       0x24 /usr/lib/gcc/arm-none-eabi/6.3.1/../../../arm-none-eabi/lib/thumb/v6-m/libg.a(lib_a-sbrkr.o)
                0x000000001000b980                _sbrk_r
 .text          0x000000001000b9a4       0x64 /usr/lib/gcc/arm-none-eabi/6.3.1/../../../arm-none-eabi/lib/thumb/v6-m/libg.a(lib_a-strlen-stub.o)
                0x000000001000b9a4                strlen
 .text          0x000000001000ba08      0x25c /usr/lib/gcc/arm-none-eabi/6.3.1/../../../arm-none-eabi/lib/thumb/v6-m/libg.a(lib_a-freer.o)
                0x000000001000ba08                _malloc_trim_r
                0x000000001000baa8                _free_r
 *(.fini)
 .fini          0x000000001000bc64        0x4 /usr/lib/gcc/arm-none-eabi/6.3.1/thumb/v6-m/crti.o
                0x000000001000bc64                _fini
 .fini.__stub   0x000000001000bc68       0x80 linker stubs
 *crtbegin.o(.ctors)
 *crtbegin?.o(.ctors)
 *(EXCLUDE_FILE(*crtend.o *crtend?.o) .ctors)
 *(SORT(.ctors.*))
 *(.ctors)
 *crtbegin.o(.dtors)
 *crtbegin?.o(.dtors)
 *(EXCLUDE_FILE(*crtend.o *crtend?.o) .dtors)
 *(SORT(.dtors.*))
 *(.dtors)
 *(.eh_frame*)
 .eh_frame      0x000000001000bce8        0x0 /usr/lib/gcc/arm-none-eabi/6.3.1/thumb/v6-m/crtbegin.o
                0x000000001000bce8                . = ALIGN (0x4)

.glue_7         0x000000001000bce8        0x0
 .glue_7        0x000000001000bce8        0x0 linker stubs

.glue_7t        0x000000001000bce8        0x0
 .glue_7t       0x000000001000bce8        0x0 linker stubs

.vfp11_veneer   0x000000001000bce8        0x0
 .vfp11_veneer  0x000000001000bce8        0x0 linker stubs

.v4_bx          0x000000001000bce8        0x0
 .v4_bx         0x000000001000bce8        0x0 linker stubs

.iplt           0x000000001000bce8        0x0
 .iplt          0x000000001000bce8        0x0 /usr/lib/gcc/arm-none-eabi/6.3.1/thumb/v6-m/crtbegin.o

.rodata         0x000000001000bce8     0x25e4
 *(EXCLUDE_FILE(*libm.a: *libc.a:*lib_a-mem*.o *libgcc.a:) .rodata*)
 .rodata.main.str1.4
                0x000000001000bce8       0x16 CMakeFiles/main.dir/main.c.obj
 *fill*         0x000000001000bcfe        0x2 
 .rodata.vTaskObjectivTime.str1.4
                0x000000001000bd00       0x33 CMakeFiles/main.dir/main.c.obj
 *fill*         0x000000001000bd33        0x1 
 .rodata.spin_lock_claim_unused.str1.4
                0x000000001000bd34       0x1b CMakeFiles/main.dir/home/iwo/pico/pico-sdk/src/rp2_common/hardware_sync/sync.c.obj
 *fill*         0x000000001000bd4f        0x1 
 .rodata.__func__.5576
                0x000000001000bd50       0x15 CMakeFiles/main.dir/home/iwo/pico/pico-sdk/src/common/pico_time/time.c.obj
 *fill*         0x000000001000bd65        0x3 
 .rodata.__func__.5888
                0x000000001000bd68        0xc CMakeFiles/main.dir/home/iwo/pico/pico-sdk/src/common/pico_time/time.c.obj
 .rodata.__func__.5895
                0x000000001000bd74       0x12 CMakeFiles/main.dir/home/iwo/pico/pico-sdk/src/common/pico_time/time.c.obj
 *fill*         0x000000001000bd86        0x2 
 .rodata.__func__.5911
                0x000000001000bd88        0xf CMakeFiles/main.dir/home/iwo/pico/pico-sdk/src/common/pico_time/time.c.obj
 *fill*         0x000000001000bd97        0x1 
 .rodata.__func__.5933
                0x000000001000bd98        0xd CMakeFiles/main.dir/home/iwo/pico/pico-sdk/src/common/pico_time/time.c.obj
 *fill*         0x000000001000bda5        0x3 
 .rodata.__func__.6157
                0x000000001000bda8        0xa CMakeFiles/main.dir/home/iwo/pico/pico-sdk/src/common/pico_time/time.c.obj
 *fill*         0x000000001000bdb2        0x2 
 .rodata.__func__.6162
                0x000000001000bdb4       0x12 CMakeFiles/main.dir/home/iwo/pico/pico-sdk/src/common/pico_time/time.c.obj
 *fill*         0x000000001000bdc6        0x2 
 .rodata.__func__.6177
                0x000000001000bdc8       0x17 CMakeFiles/main.dir/home/iwo/pico/pico-sdk/src/common/pico_time/time.c.obj
 *fill*         0x000000001000bddf        0x1 
 .rodata.__func__.6188
                0x000000001000bde0       0x15 CMakeFiles/main.dir/home/iwo/pico/pico-sdk/src/common/pico_time/time.c.obj
 *fill*         0x000000001000bdf5        0x3 
 .rodata.__func__.6205
                0x000000001000bdf8       0x1a CMakeFiles/main.dir/home/iwo/pico/pico-sdk/src/common/pico_time/time.c.obj
 *fill*         0x000000001000be12        0x2 
 .rodata.__func__.6244
                0x000000001000be14       0x18 CMakeFiles/main.dir/home/iwo/pico/pico-sdk/src/common/pico_time/time.c.obj
 .rodata.add_alarm_under_lock.str1.4
                0x000000001000be2c       0x28 CMakeFiles/main.dir/home/iwo/pico/pico-sdk/src/common/pico_time/time.c.obj
                                         0x2b (size before relaxing)
 .rodata.alarm_pool_alarm_callback.str1.4
                0x000000001000be54       0xe2 CMakeFiles/main.dir/home/iwo/pico/pico-sdk/src/common/pico_time/time.c.obj
 *fill*         0x000000001000bf36        0x2 
 .rodata.alarm_pool_cancel_alarm.str1.4
                0x000000001000bf38       0x27 CMakeFiles/main.dir/home/iwo/pico/pico-sdk/src/common/pico_time/time.c.obj
 *fill*         0x000000001000bf5f        0x1 
 .rodata.alarm_pool_dump_key.str1.4
                0x000000001000bf60       0x33 CMakeFiles/main.dir/home/iwo/pico/pico-sdk/src/common/pico_time/time.c.obj
 *fill*         0x000000001000bf93        0x1 
 .rodata.alarm_pool_get_default.str1.4
                0x000000001000bf94       0x21 CMakeFiles/main.dir/home/iwo/pico/pico-sdk/src/common/pico_time/time.c.obj
 *fill*         0x000000001000bfb5        0x3 
 .rodata.ph_add_child_node.str1.4
                0x000000001000bfb8       0x92 CMakeFiles/main.dir/home/iwo/pico/pico-sdk/src/common/pico_time/time.c.obj
 *fill*         0x000000001000c04a        0x2 
 .rodata.repeating_timer_callback.str1.4
                0x000000001000c04c       0x48 CMakeFiles/main.dir/home/iwo/pico/pico-sdk/src/common/pico_time/time.c.obj
 .rodata.sleep_until.str1.4
                0x000000001000c094       0x4d CMakeFiles/main.dir/home/iwo/pico/pico-sdk/src/common/pico_time/time.c.obj
 *fill*         0x000000001000c0e1        0x3 
 .rodata.__func__.4534
                0x000000001000c0e4       0x1a CMakeFiles/main.dir/home/iwo/pico/pico-sdk/src/rp2_common/hardware_timer/timer.c.obj
 *fill*         0x000000001000c0fe        0x2 
 .rodata.hardware_alarm_claim.str1.4
                0x000000001000c100       0x22 CMakeFiles/main.dir/home/iwo/pico/pico-sdk/src/rp2_common/hardware_timer/timer.c.obj
 *fill*         0x000000001000c122        0x2 
 .rodata.hardware_alarm_set_target.str1.4
                0x000000001000c124       0x62 CMakeFiles/main.dir/home/iwo/pico/pico-sdk/src/rp2_common/hardware_timer/timer.c.obj
 *fill*         0x000000001000c186        0x2 
 .rodata.__func__.4185
                0x000000001000c188       0x15 CMakeFiles/main.dir/home/iwo/pico/pico-sdk/src/common/pico_sync/mutex.c.obj
 *fill*         0x000000001000c19d        0x3 
 .rodata.__func__.4659
                0x000000001000c1a0       0x18 CMakeFiles/main.dir/home/iwo/pico/pico-sdk/src/common/pico_sync/mutex.c.obj
 .rodata.__func__.4678
                0x000000001000c1b8        0xb CMakeFiles/main.dir/home/iwo/pico/pico-sdk/src/common/pico_sync/mutex.c.obj
 *fill*         0x000000001000c1c3        0x1 
 .rodata.str1.4
                0x000000001000c1c4       0x89 CMakeFiles/main.dir/home/iwo/pico/pico-sdk/src/common/pico_sync/mutex.c.obj
                                         0xe9 (size before relaxing)
 *fill*         0x000000001000c24d        0x3 
 .rodata.__func__.5627
                0x000000001000c250        0xc CMakeFiles/main.dir/home/iwo/pico/pico-sdk/src/common/pico_util/pheap.c.obj
 .rodata.__func__.5634
                0x000000001000c25c       0x12 CMakeFiles/main.dir/home/iwo/pico/pico-sdk/src/common/pico_util/pheap.c.obj
 *fill*         0x000000001000c26e        0x2 
 .rodata.__func__.5720
                0x000000001000c270       0x13 CMakeFiles/main.dir/home/iwo/pico/pico-sdk/src/common/pico_util/pheap.c.obj
 *fill*         0x000000001000c283        0x1 
 .rodata.__func__.5738
                0x000000001000c284       0x18 CMakeFiles/main.dir/home/iwo/pico/pico-sdk/src/common/pico_util/pheap.c.obj
 .rodata.ph_add_child_node.str1.4
                0x000000001000c29c       0x92 CMakeFiles/main.dir/home/iwo/pico/pico-sdk/src/common/pico_util/pheap.c.obj
 .rodata.ph_remove_and_free_node.str1.4
                0x000000001000c29c       0x26 CMakeFiles/main.dir/home/iwo/pico/pico-sdk/src/common/pico_util/pheap.c.obj
 *fill*         0x000000001000c2c2        0x2 
 .rodata.ph_remove_any_head.str1.4
                0x000000001000c2c4       0x8c CMakeFiles/main.dir/home/iwo/pico/pico-sdk/src/common/pico_util/pheap.c.obj
 .rodata.__assert_func.str1.4
                0x000000001000c350       0x3f CMakeFiles/main.dir/home/iwo/pico/pico-sdk/src/rp2_common/pico_runtime/runtime.c.obj
                                         0x43 (size before relaxing)
 *fill*         0x000000001000c38f        0x1 
 .rodata.__func__.5743
                0x000000001000c390        0xd CMakeFiles/main.dir/home/iwo/pico/pico-sdk/src/rp2_common/pico_runtime/runtime.c.obj
 *fill*         0x000000001000c39d        0x3 
 .rodata.panic.str1.4
                0x000000001000c3a0       0x12 CMakeFiles/main.dir/home/iwo/pico/pico-sdk/src/rp2_common/pico_runtime/runtime.c.obj
 *fill*         0x000000001000c3b2        0x2 
 .rodata.runtime_init.str1.4
                0x000000001000c3b4       0x5e CMakeFiles/main.dir/home/iwo/pico/pico-sdk/src/rp2_common/pico_runtime/runtime.c.obj
 *fill*         0x000000001000c412        0x2 
 .rodata.__func__.4681
                0x000000001000c414       0x10 CMakeFiles/main.dir/home/iwo/pico/pico-sdk/src/rp2_common/hardware_clocks/clocks.c.obj
 .rodata.clock_configure.str1.4
                0x000000001000c424       0x54 CMakeFiles/main.dir/home/iwo/pico/pico-sdk/src/rp2_common/hardware_clocks/clocks.c.obj
 .rodata.__func__.4711
                0x000000001000c478       0x1a CMakeFiles/main.dir/home/iwo/pico/pico-sdk/src/rp2_common/hardware_irq/irq.c.obj
 *fill*         0x000000001000c492        0x2 
 .rodata.__func__.4725
                0x000000001000c494        0xc CMakeFiles/main.dir/home/iwo/pico/pico-sdk/src/rp2_common/hardware_irq/irq.c.obj
 .rodata.__func__.4733
                0x000000001000c4a0       0x17 CMakeFiles/main.dir/home/iwo/pico/pico-sdk/src/rp2_common/hardware_irq/irq.c.obj
 *fill*         0x000000001000c4b7        0x1 
 .rodata.__func__.4737
                0x000000001000c4b8        0xf CMakeFiles/main.dir/home/iwo/pico/pico-sdk/src/rp2_common/hardware_irq/irq.c.obj
 *fill*         0x000000001000c4c7        0x1 
 .rodata.__func__.4776
                0x000000001000c4c8       0x13 CMakeFiles/main.dir/home/iwo/pico/pico-sdk/src/rp2_common/hardware_irq/irq.c.obj
 *fill*         0x000000001000c4db        0x1 
 .rodata.__func__.4798
                0x000000001000c4dc       0x1a CMakeFiles/main.dir/home/iwo/pico/pico-sdk/src/rp2_common/hardware_irq/irq.c.obj
 *fill*         0x000000001000c4f6        0x2 
 .rodata.insert_branch_and_link.str1.4
                0x000000001000c4f8       0x10 CMakeFiles/main.dir/home/iwo/pico/pico-sdk/src/rp2_common/hardware_irq/irq.c.obj
 .rodata.irq_add_shared_handler.str1.4
                0x000000001000c508       0xd9 CMakeFiles/main.dir/home/iwo/pico/pico-sdk/src/rp2_common/hardware_irq/irq.c.obj
 *fill*         0x000000001000c5e1        0x3 
 .rodata.irq_add_tail_to_free_list.str1.4
                0x000000001000c5e4       0x32 CMakeFiles/main.dir/home/iwo/pico/pico-sdk/src/rp2_common/hardware_irq/irq.c.obj
                                         0x3a (size before relaxing)
 *fill*         0x000000001000c616        0x2 
 .rodata.irq_remove_handler.str1.4
                0x000000001000c618       0x2a CMakeFiles/main.dir/home/iwo/pico/pico-sdk/src/rp2_common/hardware_irq/irq.c.obj
 *fill*         0x000000001000c642        0x2 
 .rodata.irq_set_exclusive_handler.str1.4
                0x000000001000c644       0x36 CMakeFiles/main.dir/home/iwo/pico/pico-sdk/src/rp2_common/hardware_irq/irq.c.obj
 *fill*         0x000000001000c67a        0x2 
 .rodata.make_branch.str1.4
                0x000000001000c67c       0x6a CMakeFiles/main.dir/home/iwo/pico/pico-sdk/src/rp2_common/hardware_irq/irq.c.obj
 *fill*         0x000000001000c6e6        0x2 
 .rodata.__func__.4383
                0x000000001000c6e8        0x9 CMakeFiles/main.dir/home/iwo/pico/pico-sdk/src/rp2_common/hardware_pll/pll.c.obj
 *fill*         0x000000001000c6f1        0x3 
 .rodata.pll_init.str1.4
                0x000000001000c6f4       0xd7 CMakeFiles/main.dir/home/iwo/pico/pico-sdk/src/rp2_common/hardware_pll/pll.c.obj
 *fill*         0x000000001000c7cb        0x1 
 .rodata._vsnprintf
                0x000000001000c7cc      0x1e0 CMakeFiles/main.dir/home/iwo/pico/pico-sdk/src/rp2_common/pico_printf/printf.c.obj
 .rodata._ftoa.str1.4
                0x000000001000c9ac       0x15 CMakeFiles/main.dir/home/iwo/pico/pico-sdk/src/rp2_common/pico_printf/printf.c.obj
 *fill*         0x000000001000c9c1        0x7 
 .rodata.pow10.5346
                0x000000001000c9c8       0x50 CMakeFiles/main.dir/home/iwo/pico/pico-sdk/src/rp2_common/pico_printf/printf.c.obj
 .rodata.__aeabi_double_init.str1.4
                0x000000001000ca18       0xa5 CMakeFiles/main.dir/home/iwo/pico/pico-sdk/src/rp2_common/pico_double/double_init_rom.c.obj
 *fill*         0x000000001000cabd        0x3 
 .rodata.__func__.4656
                0x000000001000cac0       0x14 CMakeFiles/main.dir/home/iwo/pico/pico-sdk/src/rp2_common/pico_double/double_init_rom.c.obj
 .rodata.__aeabi_float_init.str1.4
                0x000000001000cad4       0x77 CMakeFiles/main.dir/home/iwo/pico/pico-sdk/src/rp2_common/pico_float/float_init_rom.c.obj
                                         0x7b (size before relaxing)
 *fill*         0x000000001000cb4b        0x1 
 .rodata.__func__.4657
                0x000000001000cb4c       0x13 CMakeFiles/main.dir/home/iwo/pico/pico-sdk/src/rp2_common/pico_float/float_init_rom.c.obj
 *fill*         0x000000001000cb5f        0x1 
 .rodata.__wrap_malloc.str1.4
                0x000000001000cb60        0xe CMakeFiles/main.dir/home/iwo/pico/pico-sdk/src/rp2_common/pico_malloc/pico_malloc.c.obj
 *fill*         0x000000001000cb6e        0x2 
 .rodata.__bi_44
                0x000000001000cb70        0xc CMakeFiles/main.dir/home/iwo/pico/pico-sdk/src/rp2_common/pico_standard_link/binary_info.c.obj
 .rodata.__bi_75
                0x000000001000cb7c        0xc CMakeFiles/main.dir/home/iwo/pico/pico-sdk/src/rp2_common/pico_standard_link/binary_info.c.obj
 .rodata.__bi_81
                0x000000001000cb88        0xc CMakeFiles/main.dir/home/iwo/pico/pico-sdk/src/rp2_common/pico_standard_link/binary_info.c.obj
 .rodata.str1.4
                0x000000001000cb94       0x3c CMakeFiles/main.dir/home/iwo/pico/pico-sdk/src/rp2_common/pico_standard_link/binary_info.c.obj
 .rodata.crlf_str.5792
                0x000000001000cbd0        0x2 CMakeFiles/main.dir/home/iwo/pico/pico-sdk/src/rp2_common/pico_stdio/stdio.c.obj
 *fill*         0x000000001000cbd2        0x2 
 .rodata._resetd_driver